Archive member included because of file (symbol)

c:/freescale/kds_v3/toolchain/bin/../lib/gcc/arm-none-eabi/4.8.4/../../../../arm-none-eabi/lib/armv7e-m\libg_s.a(lib_a-exit.o)
                              c:/freescale/kds_v3/toolchain/bin/../lib/gcc/arm-none-eabi/4.8.4/../../../../arm-none-eabi/lib/armv7e-m/crt0.o (exit)
c:/freescale/kds_v3/toolchain/bin/../lib/gcc/arm-none-eabi/4.8.4/../../../../arm-none-eabi/lib/armv7e-m\libg_s.a(lib_a-impure.o)
                              c:/freescale/kds_v3/toolchain/bin/../lib/gcc/arm-none-eabi/4.8.4/../../../../arm-none-eabi/lib/armv7e-m\libg_s.a(lib_a-exit.o) (_global_impure_ptr)
c:/freescale/kds_v3/toolchain/bin/../lib/gcc/arm-none-eabi/4.8.4/../../../../arm-none-eabi/lib/armv7e-m\libg_s.a(lib_a-init.o)
                              c:/freescale/kds_v3/toolchain/bin/../lib/gcc/arm-none-eabi/4.8.4/../../../../arm-none-eabi/lib/armv7e-m/crt0.o (__libc_init_array)
c:/freescale/kds_v3/toolchain/bin/../lib/gcc/arm-none-eabi/4.8.4/../../../../arm-none-eabi/lib/armv7e-m\libg_s.a(lib_a-memcpy-stub.o)
                              ./Generated_Code/usb_dci_kinetis.o (memcpy)
c:/freescale/kds_v3/toolchain/bin/../lib/gcc/arm-none-eabi/4.8.4/../../../../arm-none-eabi/lib/armv7e-m\libg_s.a(lib_a-memset.o)
                              c:/freescale/kds_v3/toolchain/bin/../lib/gcc/arm-none-eabi/4.8.4/../../../../arm-none-eabi/lib/armv7e-m/crt0.o (memset)
c:/freescale/kds_v3/toolchain/bin/../lib/gcc/arm-none-eabi/4.8.4/../../../../arm-none-eabi/lib/armv7e-m\libnosys.a(_exit.o)
                              c:/freescale/kds_v3/toolchain/bin/../lib/gcc/arm-none-eabi/4.8.4/../../../../arm-none-eabi/lib/armv7e-m\libg_s.a(lib_a-exit.o) (_exit)

Allocating common symbols
Common symbol       size              file

ASerialLdd1_DeviceDataPtr
                    0x4               ./Generated_Code/Inhr1.o
IntI2cLdd1_DeviceDataPtr
                    0x4               ./Generated_Code/CI2C1.o
SR_reg              0x1               ./Generated_Code/Cpu.o
g_class_request_params
                    0x2               ./Generated_Code/usb_hid.o
CI2C1_SndRcvTemp    0x2               ./Generated_Code/CI2C1.o
g_Mem               0x400             ./Generated_Code/usb_dci_kinetis.o

Discarded input sections

 .text          0x00000000        0x0 c:/freescale/kds_v3/toolchain/bin/../lib/gcc/arm-none-eabi/4.8.4/armv7e-m/crti.o
 .data          0x00000000        0x0 c:/freescale/kds_v3/toolchain/bin/../lib/gcc/arm-none-eabi/4.8.4/armv7e-m/crti.o
 .bss           0x00000000        0x0 c:/freescale/kds_v3/toolchain/bin/../lib/gcc/arm-none-eabi/4.8.4/armv7e-m/crti.o
 .data          0x00000000        0x4 c:/freescale/kds_v3/toolchain/bin/../lib/gcc/arm-none-eabi/4.8.4/armv7e-m/crtbegin.o
 .data          0x00000000        0x0 c:/freescale/kds_v3/toolchain/bin/../lib/gcc/arm-none-eabi/4.8.4/../../../../arm-none-eabi/lib/armv7e-m/crt0.o
 .bss           0x00000000        0x0 c:/freescale/kds_v3/toolchain/bin/../lib/gcc/arm-none-eabi/4.8.4/../../../../arm-none-eabi/lib/armv7e-m/crt0.o
 .ARM.extab     0x00000000        0x0 c:/freescale/kds_v3/toolchain/bin/../lib/gcc/arm-none-eabi/4.8.4/../../../../arm-none-eabi/lib/armv7e-m/crt0.o
 .group         0x00000000        0x8 ./Sources/Events.o
 .group         0x00000000        0x8 ./Sources/Events.o
 .group         0x00000000        0x8 ./Sources/Events.o
 .group         0x00000000        0x8 ./Sources/Events.o
 .group         0x00000000        0x8 ./Sources/Events.o
 .group         0x00000000        0x8 ./Sources/Events.o
 .group         0x00000000        0x8 ./Sources/Events.o
 .group         0x00000000        0x8 ./Sources/Events.o
 .group         0x00000000        0x8 ./Sources/Events.o
 .group         0x00000000        0x8 ./Sources/Events.o
 .group         0x00000000        0x8 ./Sources/Events.o
 .group         0x00000000        0x8 ./Sources/Events.o
 .group         0x00000000        0x8 ./Sources/Events.o
 .group         0x00000000        0x8 ./Sources/Events.o
 .group         0x00000000        0x8 ./Sources/Events.o
 .group         0x00000000        0x8 ./Sources/Events.o
 .group         0x00000000        0x8 ./Sources/Events.o
 .text          0x00000000        0x0 ./Sources/Events.o
 .data          0x00000000        0x0 ./Sources/Events.o
 .bss           0x00000000        0x0 ./Sources/Events.o
 .group         0x00000000        0x8 ./Sources/main.o
 .group         0x00000000        0x8 ./Sources/main.o
 .group         0x00000000        0x8 ./Sources/main.o
 .group         0x00000000        0x8 ./Sources/main.o
 .group         0x00000000        0x8 ./Sources/main.o
 .group         0x00000000        0x8 ./Sources/main.o
 .group         0x00000000        0x8 ./Sources/main.o
 .group         0x00000000        0x8 ./Sources/main.o
 .group         0x00000000        0x8 ./Sources/main.o
 .group         0x00000000        0x8 ./Sources/main.o
 .group         0x00000000        0x8 ./Sources/main.o
 .group         0x00000000        0x8 ./Sources/main.o
[...]
Memory Configuration

Name             Origin             Length             Attributes
m_interrupts     0x00000000         0x000000f8         xr
m_text           0x00000410         0x0001fbf0         xr
m_data           0x1fffe000         0x00002000         rw
m_data_20000000  0x20000000         0x00002000         rw
m_cfmprotrom     0x00000400         0x00000010         xr
*default*        0x00000000         0xffffffff

Linker script and memory map

LOAD c:/freescale/kds_v3/toolchain/bin/../lib/gcc/arm-none-eabi/4.8.4/armv7e-m/crti.o
LOAD c:/freescale/kds_v3/toolchain/bin/../lib/gcc/arm-none-eabi/4.8.4/armv7e-m/crtbegin.o
LOAD c:/freescale/kds_v3/toolchain/bin/../lib/gcc/arm-none-eabi/4.8.4/../../../../arm-none-eabi/lib/armv7e-m/crt0.o
LOAD ./Sources/Events.o
LOAD ./Sources/main.o
LOAD ./Project_Settings/Startup_Code/startup.o
LOAD ./Generated_Code/ASerialLdd1.o
LOAD ./Generated_Code/CI2C1.o
LOAD ./Generated_Code/CS1.o
LOAD ./Generated_Code/Cpu.o
LOAD ./Generated_Code/HIDM1.o
LOAD ./Generated_Code/Inhr1.o
LOAD ./Generated_Code/IntI2cLdd1.o
LOAD ./Generated_Code/PE_LDD.o
LOAD ./Generated_Code/Term1.o
LOAD ./Generated_Code/Tx2.o
LOAD ./Generated_Code/USB0.o
LOAD ./Generated_Code/USB1.o
LOAD ./Generated_Code/Vectors.o
LOAD ./Generated_Code/usb_class.o
LOAD ./Generated_Code/usb_dci_kinetis.o
LOAD ./Generated_Code/usb_descriptor.o
LOAD ./Generated_Code/usb_driver.o
LOAD ./Generated_Code/usb_framework.o
LOAD ./Generated_Code/usb_hid.o
LOAD ./Generated_Code/wdt_kinetis.o
LOAD c:/freescale/kds_v3/toolchain/bin/../lib/gcc/arm-none-eabi/4.8.4/../../../../arm-none-eabi/lib/armv7e-m\libstdc++_s.a
LOAD c:/freescale/kds_v3/toolchain/bin/../lib/gcc/arm-none-eabi/4.8.4/../../../../arm-none-eabi/lib/armv7e-m\libm.a
START GROUP
LOAD c:/freescale/kds_v3/toolchain/bin/../lib/gcc/arm-none-eabi/4.8.4/armv7e-m\libgcc.a
LOAD c:/freescale/kds_v3/toolchain/bin/../lib/gcc/arm-none-eabi/4.8.4/../../../../arm-none-eabi/lib/armv7e-m\libg_s.a
LOAD c:/freescale/kds_v3/toolchain/bin/../lib/gcc/arm-none-eabi/4.8.4/../../../../arm-none-eabi/lib/armv7e-m\libc_s.a
END GROUP
START GROUP
LOAD c:/freescale/kds_v3/toolchain/bin/../lib/gcc/arm-none-eabi/4.8.4/armv7e-m\libgcc.a
LOAD c:/freescale/kds_v3/toolchain/bin/../lib/gcc/arm-none-eabi/4.8.4/../../../../arm-none-eabi/lib/armv7e-m\libc_s.a
LOAD c:/freescale/kds_v3/toolchain/bin/../lib/gcc/arm-none-eabi/4.8.4/../../../../arm-none-eabi/lib/armv7e-m\libnosys.a
END GROUP
START GROUP
LOAD c:/freescale/kds_v3/toolchain/bin/../lib/gcc/arm-none-eabi/4.8.4/armv7e-m\libgcc.a
LOAD c:/freescale/kds_v3/toolchain/bin/../lib/gcc/arm-none-eabi/4.8.4/../../../../arm-none-eabi/lib/armv7e-m\libc_s.a
LOAD c:/freescale/kds_v3/toolchain/bin/../lib/gcc/arm-none-eabi/4.8.4/../../../../arm-none-eabi/lib/armv7e-m\libnosys.a
END GROUP
LOAD c:/freescale/kds_v3/toolchain/bin/../lib/gcc/arm-none-eabi/4.8.4/armv7e-m/crtend.o
LOAD c:/freescale/kds_v3/toolchain/bin/../lib/gcc/arm-none-eabi/4.8.4/armv7e-m/crtn.o
                0x20000000                _estack = 0x20000000
                0x20000000                __SP_INIT = _estack
                0x20000000                __stack = _estack
                0x00000000                __heap_size = 0x0
                0x00000400                __stack_size = 0x400

.interrupts     0x00000000       0xf8
                0x00000000                __vector_table = .
                0x00000000                . = ALIGN (0x4)
 *(.vectortable)
 .vectortable   0x00000000       0xf8 ./Generated_Code/Vectors.o
                0x00000000                __vect_table
                0x000000f8                . = ALIGN (0x4)

.cfmprotect     0x00000400       0x10
                0x00000400                . = ALIGN (0x4)
 *(.cfmconfig)
 .cfmconfig     0x00000400       0x10 ./Generated_Code/Cpu.o
                0x00000400                _cfm
                0x00000410                . = ALIGN (0x4)

.text           0x00000410     0x45ec
                0x00000410                . = ALIGN (0x4)
 *(.text)
 .text          0x00000410       0x54 c:/freescale/kds_v3/toolchain/bin/../lib/gcc/arm-none-eabi/4.8.4/armv7e-m/crtbegin.o
 .text          0x00000464       0x74 c:/freescale/kds_v3/toolchain/bin/../lib/gcc/arm-none-eabi/4.8.4/../../../../arm-none-eabi/lib/armv7e-m/crt0.o
                0x00000464                _start
                0x00000464                _mainCRTStartup
 *(.text*)
 .text.Cpu_OnNMIINT
                0x000004d8        0xc ./Sources/Events.o
                0x000004d8                Cpu_OnNMIINT
 .text.main     0x000004e4       0xc8 ./Sources/main.o
                0x000004e4                main
 .text.__copy_rom_section
                0x000005ac       0xe4 ./Project_Settings/Startup_Code/startup.o
                0x000005ac                __copy_rom_section
 .text.__copy_rom_sections_to_ram
                0x00000690       0x9c ./Project_Settings/Startup_Code/startup.o
                0x00000690                __copy_rom_sections_to_ram
 .text.__init_registers
                0x0000072c        0xc ./Project_Settings/Startup_Code/startup.o
                0x0000072c                __init_registers
 .text.__init_user
                0x00000738        0xc ./Project_Settings/Startup_Code/startup.o
                0x00000738                __init_user
 .text.__thumb_startup
                0x00000744       0x34 ./Project_Settings/Startup_Code/startup.o
                0x00000744                __thumb_startup
 .text.ASerialLdd1_Init
                0x00000778      0x16c ./Generated_Code/ASerialLdd1.o
                0x00000778                ASerialLdd1_Init
 .text.ASerialLdd1_ReceiveBlock
                0x000008e4       0x48 ./Generated_Code/ASerialLdd1.o
                0x000008e4                ASerialLdd1_ReceiveBlock
 .text.ASerialLdd1_SendBlock
                0x0000092c       0x58 ./Generated_Code/ASerialLdd1.o
                0x0000092c                ASerialLdd1_SendBlock
 .text.InterruptRx
                0x00000984       0x50 ./Generated_Code/ASerialLdd1.o
 .text.InterruptTx
                0x000009d4       0x60 ./Generated_Code/ASerialLdd1.o
 .text.ASerialLdd1_Main
                0x00000a34       0xd8 ./Generated_Code/ASerialLdd1.o
                0x00000a34                ASerialLdd1_Main
 .text.CI2C1_SendChar
                0x00000b0c       0x2c ./Generated_Code/CI2C1.o
                0x00000b0c                CI2C1_SendChar
 .text.CI2C1_SendBlock
                0x00000b38      0x130 ./Generated_Code/CI2C1.o
                0x00000b38                CI2C1_SendBlock
 .text.CI2C1_RecvBlock
                0x00000c68      0x124 ./Generated_Code/CI2C1.o
                0x00000c68                CI2C1_RecvBlock
 .text.CI2C1_SelectSlave
                0x00000d8c       0x34 ./Generated_Code/CI2C1.o
                0x00000d8c                CI2C1_SelectSlave
 .text.CI2C1_Init
                0x00000dc0       0x18 ./Generated_Code/CI2C1.o
                0x00000dc0                CI2C1_Init
 .text.Cpu_INT_NMIInterrupt
                0x00000dd8       0x1c ./Generated_Code/Cpu.o
                0x00000dd8                Cpu_INT_NMIInterrupt
 .text.Cpu_Interrupt
                0x00000df4       0x18 ./Generated_Code/Cpu.o
                0x00000df4                Cpu_Interrupt
 .text.__init_hardware
                0x00000e0c      0x18c ./Generated_Code/Cpu.o
                0x00000e0c                __init_hardware
 .text.Cpu_SetBASEPRI
                0x00000f98       0x18 ./Generated_Code/Cpu.o
                0x00000f98                Cpu_SetBASEPRI
 .text.PE_low_level_init
                0x00000fb0       0xc4 ./Generated_Code/Cpu.o
                0x00000fb0                PE_low_level_init
 .text.USB_App_Param_Callback
                0x00001074       0xe8 ./Generated_Code/HIDM1.o
                0x00001074                USB_App_Param_Callback
 .text.HIDM1_App_Callback
                0x0000115c       0x68 ./Generated_Code/HIDM1.o
                0x0000115c                HIDM1_App_Callback
 .text.HIDM1_App_Task
                0x000011c4       0x94 ./Generated_Code/HIDM1.o
                0x000011c4                HIDM1_App_Task
 .text.HIDM1_Init
                0x00001258       0x48 ./Generated_Code/HIDM1.o
                0x00001258                HIDM1_Init
 .text.HIDM1_Move
                0x000012a0       0x2c ./Generated_Code/HIDM1.o
                0x000012a0                HIDM1_Move
 .text.HWEnDi   0x000012cc       0x1c ./Generated_Code/Inhr1.o
 .text.Inhr1_SendChar
                0x000012e8       0x5c ./Generated_Code/Inhr1.o
                0x000012e8                Inhr1_SendChar
 .text.Inhr1_Init
                0x00001344       0x24 ./Generated_Code/Inhr1.o
                0x00001344                Inhr1_Init
 .text.ASerialLdd1_OnBreak
                0x00001368       0x24 ./Generated_Code/Inhr1.o
                0x00001368                ASerialLdd1_OnBreak
 .text.IntI2cLdd1_Main
                0x0000138c      0x2d4 ./Generated_Code/IntI2cLdd1.o
                0x0000138c                IntI2cLdd1_Main
 .text.IntI2cLdd1_Init
                0x00001660      0x110 ./Generated_Code/IntI2cLdd1.o
                0x00001660                IntI2cLdd1_Init
 .text.IntI2cLdd1_MasterSendBlock
                0x00001770      0x14c ./Generated_Code/IntI2cLdd1.o
                0x00001770                IntI2cLdd1_MasterSendBlock
 .text.IntI2cLdd1_MasterGetBlockSentStatus
                0x000018bc       0x30 ./Generated_Code/IntI2cLdd1.o
                0x000018bc                IntI2cLdd1_MasterGetBlockSentStatus
 .text.IntI2cLdd1_MasterGetSentDataNum
                0x000018ec       0x18 ./Generated_Code/IntI2cLdd1.o
                0x000018ec                IntI2cLdd1_MasterGetSentDataNum
 .text.IntI2cLdd1_MasterReceiveBlock
                0x00001904      0x148 ./Generated_Code/IntI2cLdd1.o
                0x00001904                IntI2cLdd1_MasterReceiveBlock
 .text.IntI2cLdd1_MasterGetBlockReceivedStatus
                0x00001a4c       0x38 ./Generated_Code/IntI2cLdd1.o
                0x00001a4c                IntI2cLdd1_MasterGetBlockReceivedStatus
 .text.IntI2cLdd1_MasterGetReceivedDataNum
                0x00001a84       0x18 ./Generated_Code/IntI2cLdd1.o
                0x00001a84                IntI2cLdd1_MasterGetReceivedDataNum
 .text.IntI2cLdd1_SelectSlaveDevice
                0x00001a9c       0xf0 ./Generated_Code/IntI2cLdd1.o
                0x00001a9c                IntI2cLdd1_SelectSlaveDevice
 .text.IntI2cLdd1_GetError
                0x00001b8c       0x2c ./Generated_Code/IntI2cLdd1.o
                0x00001b8c                IntI2cLdd1_GetError
 .text.IntI2cLdd1_CheckBus
                0x00001bb8       0x3c ./Generated_Code/IntI2cLdd1.o
                0x00001bb8                IntI2cLdd1_CheckBus
 .text.Term1_SendStr
                0x00001bf4       0x34 ./Generated_Code/Term1.o
                0x00001bf4                Term1_SendStr
 .text.Tx2_Put  0x00001c28       0x78 ./Generated_Code/Tx2.o
                0x00001c28                Tx2_Put
 .text.Tx2_Get  0x00001ca0       0x78 ./Generated_Code/Tx2.o
                0x00001ca0                Tx2_Get
 .text.Tx2_Init
                0x00001d18       0x2c ./Generated_Code/Tx2.o
                0x00001d18                Tx2_Init
 .text.USB0_Init
                0x00001d44      0x198 ./Generated_Code/USB0.o
                0x00001d44                USB0_Init
 .text.USB1_usb_int_en
                0x00001edc       0x20 ./Generated_Code/USB1.o
                0x00001edc                USB1_usb_int_en
 .text.USB1_Init
                0x00001efc       0x28 ./Generated_Code/USB1.o
                0x00001efc                USB1_Init
 .text.USB_Suspend_Service
                0x00001f24       0x40 ./Generated_Code/usb_class.o
                0x00001f24                USB_Suspend_Service
 .text.USB_Resume_Service
                0x00001f64       0x50 ./Generated_Code/usb_class.o
                0x00001f64                USB_Resume_Service
 .text.USB_Stall_Service
                0x00001fb4       0x34 ./Generated_Code/usb_class.o
                0x00001fb4                USB_Stall_Service
 .text.USB_Sof_Service
                0x00001fe8       0x40 ./Generated_Code/usb_class.o
                0x00001fe8                USB_Sof_Service
 .text.USB_Reset_Service
                0x00002028       0xbc ./Generated_Code/usb_class.o
                0x00002028                USB_Reset_Service
 .text.USB_Error_Service
                0x000020e4       0x28 ./Generated_Code/usb_class.o
                0x000020e4                USB_Error_Service
 .text.USB_Class_Init
                0x0000210c       0xec ./Generated_Code/usb_class.o
                0x0000210c                USB_Class_Init
 .text.USB_Class_Initiate_Resume
                0x000021f8       0x70 ./Generated_Code/usb_class.o
                0x000021f8                USB_Class_Initiate_Resume
 .text.USB_Class_Send_Data
                0x00002268       0x48 ./Generated_Code/usb_class.o
                0x00002268                USB_Class_Send_Data
 .text.USB_Class_Periodic_Task
                0x000022b0        0xc ./Generated_Code/usb_class.o
                0x000022b0                USB_Class_Periodic_Task
 .text.USB_Bus_Reset_Handler
                0x000022bc       0xc0 ./Generated_Code/usb_dci_kinetis.o
 .text.USB_DCI_Get_BDT_Index
                0x0000237c       0x44 ./Generated_Code/usb_dci_kinetis.o
 .text.USB_DCI_Validate_Param
                0x000023c0       0x5c ./Generated_Code/usb_dci_kinetis.o
 .text.USB_DCI_Prepare_Send_Data
                0x0000241c       0x6c ./Generated_Code/usb_dci_kinetis.o
 .text.USB_DCI_Init
                0x00002488      0x160 ./Generated_Code/usb_dci_kinetis.o
                0x00002488                USB_DCI_Init
 .text.USB_DCI_Init_EndPoint
                0x000025e8      0x20c ./Generated_Code/usb_dci_kinetis.o
                0x000025e8                USB_DCI_Init_EndPoint
 .text._usb_device_cancel_transfer
                0x000027f4       0xa4 ./Generated_Code/usb_dci_kinetis.o
                0x000027f4                _usb_device_cancel_transfer
 .text.USB_DCI_Deinit_EndPoint
                0x00002898       0xb0 ./Generated_Code/usb_dci_kinetis.o
                0x00002898                USB_DCI_Deinit_EndPoint
 .text._usb_device_stall_endpoint
                0x00002948       0x7c ./Generated_Code/usb_dci_kinetis.o
                0x00002948                _usb_device_stall_endpoint
 .text._usb_device_unstall_endpoint
                0x000029c4       0xe4 ./Generated_Code/usb_dci_kinetis.o
                0x000029c4                _usb_device_unstall_endpoint
 .text._usb_device_clear_data0_endpoint
                0x00002aa8       0x60 ./Generated_Code/usb_dci_kinetis.o
                0x00002aa8                _usb_device_clear_data0_endpoint
 .text._usb_device_recv_data
                0x00002b08      0x138 ./Generated_Code/usb_dci_kinetis.o
                0x00002b08                _usb_device_recv_data
 .text._usb_device_send_data
                0x00002c40       0xe0 ./Generated_Code/usb_dci_kinetis.o
                0x00002c40                _usb_device_send_data
 .text._usb_device_set_address
                0x00002d20       0x30 ./Generated_Code/usb_dci_kinetis.o
                0x00002d20                _usb_device_set_address
 .text._usb_device_assert_resume
                0x00002d50       0xb8 ./Generated_Code/usb_dci_kinetis.o
                0x00002d50                _usb_device_assert_resume
 .text.USB_Bus_Token_Cpl_Handler
                0x00002e08      0x328 ./Generated_Code/usb_dci_kinetis.o
 .text.USB_ISR  0x00003130      0x2a4 ./Generated_Code/usb_dci_kinetis.o
                0x00003130                USB_ISR
 .text.Clear_Mem
                0x000033d4       0x24 ./Generated_Code/usb_dci_kinetis.o
                0x000033d4                Clear_Mem
 .text.USB_Desc_Get_Descriptor
                0x000033f8      0x14c ./Generated_Code/usb_descriptor.o
                0x000033f8                USB_Desc_Get_Descriptor
 .text.USB_Desc_Get_Interface
                0x00003544       0x38 ./Generated_Code/usb_descriptor.o
                0x00003544                USB_Desc_Get_Interface
 .text.USB_Desc_Set_Interface
                0x0000357c       0x38 ./Generated_Code/usb_descriptor.o
                0x0000357c                USB_Desc_Set_Interface
 .text.USB_Desc_Valid_Configation
                0x000035b4       0x44 ./Generated_Code/usb_descriptor.o
                0x000035b4                USB_Desc_Valid_Configation
 .text.USB_Desc_Remote_Wakeup
                0x000035f8       0x18 ./Generated_Code/usb_descriptor.o
                0x000035f8                USB_Desc_Remote_Wakeup
 .text.USB_Desc_Get_Endpoints
                0x00003610       0x1c ./Generated_Code/usb_descriptor.o
                0x00003610                USB_Desc_Get_Endpoints
 .text.USB_Device_Init_Params
                0x0000362c       0x60 ./Generated_Code/usb_driver.o
 .text._usb_device_init
                0x0000368c       0x48 ./Generated_Code/usb_driver.o
                0x0000368c                _usb_device_init
 .text._usb_device_init_endpoint
                0x000036d4       0x74 ./Generated_Code/usb_driver.o
                0x000036d4                _usb_device_init_endpoint
 .text._usb_device_deinit_endpoint
                0x00003748       0x6c ./Generated_Code/usb_driver.o
                0x00003748                _usb_device_deinit_endpoint
 .text._usb_device_get_status
                0x000037b4       0x68 ./Generated_Code/usb_driver.o
                0x000037b4                _usb_device_get_status
 .text._usb_device_set_status
                0x0000381c       0xbc ./Generated_Code/usb_driver.o
                0x0000381c                _usb_device_set_status
 .text._usb_device_register_service
                0x000038d8       0x20 ./Generated_Code/usb_driver.o
                0x000038d8                _usb_device_register_service
 .text.USB_Device_Call_Service
                0x000038f8       0x3c ./Generated_Code/usb_driver.o
                0x000038f8                USB_Device_Call_Service
 .text.USB_NULL_CALLBACK
                0x00003934       0x14 ./Generated_Code/usb_driver.o
                0x00003934                USB_NULL_CALLBACK
 .text.USB_Framework_Init
                0x00003948       0x44 ./Generated_Code/usb_framework.o
                0x00003948                USB_Framework_Init
 .text.USB_Control_Service
                0x0000398c      0x1dc ./Generated_Code/usb_framework.o
                0x0000398c                USB_Control_Service
 .text.USB_Control_Service_Handler
                0x00003b68       0x74 ./Generated_Code/usb_framework.o
 .text.USB_Strd_Req_Get_Status
                0x00003bdc      0x170 ./Generated_Code/usb_framework.o
 .text.USB_Strd_Req_Feature
                0x00003d4c      0x174 ./Generated_Code/usb_framework.o
 .text.USB_Strd_Req_Set_Address
                0x00003ec0       0x3c ./Generated_Code/usb_framework.o
 .text.USB_Strd_Req_Assign_Address
                0x00003efc       0x44 ./Generated_Code/usb_framework.o
 .text.USB_Strd_Req_Get_Config
                0x00003f40       0x4c ./Generated_Code/usb_framework.o
 .text.USB_Strd_Req_Set_Config
                0x00003f8c       0x9c ./Generated_Code/usb_framework.o
 .text.USB_Strd_Req_Get_Interface
                0x00004028       0x50 ./Generated_Code/usb_framework.o
 .text.USB_Strd_Req_Set_Interface
                0x00004078       0x4c ./Generated_Code/usb_framework.o
 .text.USB_Strd_Req_Sync_Frame
                0x000040c4       0x48 ./Generated_Code/usb_framework.o
 .text.USB_Strd_Req_Get_Descriptor
                0x0000410c       0x54 ./Generated_Code/usb_framework.o
 .text.USB_Map_Ep_To_Struct_Index
                0x00004160       0x54 ./Generated_Code/usb_hid.o
 .text.USB_Service_Hid
                0x000041b4       0xe4 ./Generated_Code/usb_hid.o
                0x000041b4                USB_Service_Hid
 .text.USB_Class_Hid_Event
                0x00004298      0x16c ./Generated_Code/usb_hid.o
                0x00004298                USB_Class_Hid_Event
 .text.USB_Other_Requests
                0x00004404      0x17c ./Generated_Code/usb_hid.o
 .text.USB_Class_HID_Init
                0x00004580      0x10c ./Generated_Code/usb_hid.o
                0x00004580                USB_Class_HID_Init
 .text.USB_Class_HID_Send_Data
                0x0000468c      0x14c ./Generated_Code/usb_hid.o
                0x0000468c                USB_Class_HID_Send_Data
 .text.Watchdog_Reset
                0x000047d8       0x20 ./Generated_Code/wdt_kinetis.o
                0x000047d8                Watchdog_Reset
 .text.exit     0x000047f8       0x28 c:/freescale/kds_v3/toolchain/bin/../lib/gcc/arm-none-eabi/4.8.4/../../../../arm-none-eabi/lib/armv7e-m\libg_s.a(lib_a-exit.o)
                0x000047f8                exit
 .text.__libc_init_array
                0x00004820       0x4c c:/freescale/kds_v3/toolchain/bin/../lib/gcc/arm-none-eabi/4.8.4/../../../../arm-none-eabi/lib/armv7e-m\libg_s.a(lib_a-init.o)
                0x00004820                __libc_init_array
 .text.memcpy   0x0000486c       0x12 c:/freescale/kds_v3/toolchain/bin/../lib/gcc/arm-none-eabi/4.8.4/../../../../arm-none-eabi/lib/armv7e-m\libg_s.a(lib_a-memcpy-stub.o)
                0x0000486c                memcpy
 .text.memset   0x0000487e       0x10 c:/freescale/kds_v3/toolchain/bin/../lib/gcc/arm-none-eabi/4.8.4/../../../../arm-none-eabi/lib/armv7e-m\libg_s.a(lib_a-memset.o)
                0x0000487e                memset
 *fill*         0x0000488e        0x2 
 .text._exit    0x00004890        0x4 c:/freescale/kds_v3/toolchain/bin/../lib/gcc/arm-none-eabi/4.8.4/../../../../arm-none-eabi/lib/armv7e-m\libnosys.a(_exit.o)
                0x00004890                _exit
 *(.rodata)
 .rodata        0x00004894       0x18 ./Sources/main.o
 .rodata        0x000048ac        0x8 ./Generated_Code/usb_dci_kinetis.o
 *(.rodata*)
 .rodata.usb_desc_ep
                0x000048b4        0x8 ./Generated_Code/usb_descriptor.o
                0x000048b4                usb_desc_ep
 .rodata.g_std_desc_size
                0x000048bc       0x14 ./Generated_Code/usb_descriptor.o
                0x000048bc                g_std_desc_size
 .rodata.g_std_descriptors
                0x000048d0       0x24 ./Generated_Code/usb_descriptor.o
                0x000048d0                g_std_descriptors
 .rodata.g_string_desc_size
                0x000048f4        0x4 ./Generated_Code/usb_descriptor.o
                0x000048f4                g_string_desc_size
 .rodata.g_string_descriptors
                0x000048f8       0x10 ./Generated_Code/usb_descriptor.o
                0x000048f8                g_string_descriptors
 .rodata.g_languages
                0x00004908       0x14 ./Generated_Code/usb_descriptor.o
                0x00004908                g_languages
 .rodata.g_valid_config_values
                0x0000491c        0x4 ./Generated_Code/usb_descriptor.o
                0x0000491c                g_valid_config_values
 .rodata.g_usb_CB
                0x00004920       0x60 ./Generated_Code/usb_driver.o
 .rodata.g_validate_request
                0x00004980       0x28 ./Generated_Code/usb_framework.o
                0x00004980                g_validate_request
 .rodata.g_standard_request
                0x000049a8       0x34 ./Generated_Code/usb_framework.o
                0x000049a8                g_standard_request
 .rodata.str1.1
                0x000049dc        0x2 c:/freescale/kds_v3/toolchain/bin/../lib/gcc/arm-none-eabi/4.8.4/../../../../arm-none-eabi/lib/armv7e-m\libg_s.a(lib_a-impure.o)
 *fill*         0x000049de        0x2 
 .rodata._global_impure_ptr
                0x000049e0        0x4 c:/freescale/kds_v3/toolchain/bin/../lib/gcc/arm-none-eabi/4.8.4/../../../../arm-none-eabi/lib/armv7e-m\libg_s.a(lib_a-impure.o)
                0x000049e0                _global_impure_ptr
 *(.glue_7)
 .glue_7        0x00000000        0x0 linker stubs
 *(.glue_7t)
 .glue_7t       0x00000000        0x0 linker stubs
 *(.eh_frame)
 .eh_frame      0x000049e4        0x0 c:/freescale/kds_v3/toolchain/bin/../lib/gcc/arm-none-eabi/4.8.4/armv7e-m/crtbegin.o
 *(.init)
 .init          0x000049e4        0x4 c:/freescale/kds_v3/toolchain/bin/../lib/gcc/arm-none-eabi/4.8.4/armv7e-m/crti.o
                0x000049e4                _init
 .init          0x000049e8        0x8 c:/freescale/kds_v3/toolchain/bin/../lib/gcc/arm-none-eabi/4.8.4/armv7e-m/crtn.o
 *(.fini)
 .fini          0x000049f0        0x4 c:/freescale/kds_v3/toolchain/bin/../lib/gcc/arm-none-eabi/4.8.4/armv7e-m/crti.o
                0x000049f0                _fini
 .fini          0x000049f4        0x8 c:/freescale/kds_v3/toolchain/bin/../lib/gcc/arm-none-eabi/4.8.4/armv7e-m/crtn.o
                0x000049fc                . = ALIGN (0x4)
                0x000049fc                _etext = .

.vfp11_veneer   0x000049fc        0x0
 .vfp11_veneer  0x00000000        0x0 linker stubs

.v4_bx          0x000049fc        0x0
 .v4_bx         0x00000000        0x0 linker stubs

.iplt           0x000049fc        0x0
 .iplt          0x00000000        0x0 c:/freescale/kds_v3/toolchain/bin/../lib/gcc/arm-none-eabi/4.8.4/armv7e-m/crtbegin.o

.ARM.extab
 *(.ARM.extab* .gnu.linkonce.armextab.*)

.ARM            0x000049fc        0x8
                0x000049fc                __exidx_start = .
 *(.ARM.exidx*)
 .ARM.exidx     0x000049fc        0x8 c:/freescale/kds_v3/toolchain/bin/../lib/gcc/arm-none-eabi/4.8.4/../../../../arm-none-eabi/lib/armv7e-m/crt0.o
                0x00004a04                __exidx_end = .

.rel.dyn        0x00004a04        0x0
 .rel.iplt      0x00000000        0x0 c:/freescale/kds_v3/toolchain/bin/../lib/gcc/arm-none-eabi/4.8.4/armv7e-m/crtbegin.o

.ctors          0x00004a04        0x0
                0x00004a04                __CTOR_LIST__ = .
 *crtbegin.o(.ctors)
 *(EXCLUDE_FILE(*crtend.o) .ctors)
 *(SORT(.ctors.*))
 *(.ctors)
                0x00004a04                __CTOR_END__ = .

.dtors          0x00004a04        0x0
                0x00004a04                __DTOR_LIST__ = .
 *crtbegin.o(.dtors)
 *(EXCLUDE_FILE(*crtend.o) .dtors)
 *(SORT(.dtors.*))
 *(.dtors)
                0x00004a04                __DTOR_END__ = .

.preinit_array  0x00004a04        0x0
                0x00004a04                PROVIDE (__preinit_array_start, .)
 *(.preinit_array*)
                0x00004a04                PROVIDE (__preinit_array_end, .)

.init_array     0x00004a04        0x4
                0x00004a04                PROVIDE (__init_array_start, .)
 *(SORT(.init_array.*))
 *(.init_array*)
 .init_array    0x00004a04        0x4 c:/freescale/kds_v3/toolchain/bin/../lib/gcc/arm-none-eabi/4.8.4/armv7e-m/crtbegin.o
                0x00004a08                PROVIDE (__init_array_end, .)

.fini_array     0x00004a08        0x4
                0x00004a08                PROVIDE (__fini_array_start, .)
 *(SORT(.fini_array.*))
 *(.fini_array*)
 .fini_array    0x00004a08        0x4 c:/freescale/kds_v3/toolchain/bin/../lib/gcc/arm-none-eabi/4.8.4/armv7e-m/crtbegin.o
                0x00004a0c                PROVIDE (__fini_array_end, .)
                0x00004a0c                ___ROM_AT = .

.data           0x1fffe000      0x154 load address 0x00004a0c
                0x1fffe000                . = ALIGN (0x4)
                0x1fffe000                _sdata = .
 *(.data)
 *(.data*)
 .data.g_trf_direction
                0x1fffe000        0x1 ./Generated_Code/usb_dci_kinetis.o
 *fill*         0x1fffe001        0x3 
 .data.g_device_descriptor
                0x1fffe004       0x14 ./Generated_Code/usb_descriptor.o
                0x1fffe004                g_device_descriptor
 .data.g_config_descriptor
                0x1fffe018       0x24 ./Generated_Code/usb_descriptor.o
                0x1fffe018                g_config_descriptor
 .data.g_report_descriptor
                0x1fffe03c       0x34 ./Generated_Code/usb_descriptor.o
                0x1fffe03c                g_report_descriptor
 .data.USB_STR_0
                0x1fffe070        0x4 ./Generated_Code/usb_descriptor.o
                0x1fffe070                USB_STR_0
 .data.USB_STR_1
                0x1fffe074       0x3c ./Generated_Code/usb_descriptor.o
                0x1fffe074                USB_STR_1
 .data.USB_STR_2
                0x1fffe0b0       0x20 ./Generated_Code/usb_descriptor.o
                0x1fffe0b0                USB_STR_2
 .data.USB_STR_n
                0x1fffe0d0       0x24 ./Generated_Code/usb_descriptor.o
                0x1fffe0d0                USB_STR_n
 .data.impure_data
                0x1fffe0f4       0x60 c:/freescale/kds_v3/toolchain/bin/../lib/gcc/arm-none-eabi/4.8.4/../../../../arm-none-eabi/lib/armv7e-m\libg_s.a(lib_a-impure.o)
                0x1fffe154                . = ALIGN (0x4)
                0x1fffe154                _edata = .
                0x00000154                ___data_size = (_edata - _sdata)
                0x00004b60                ___m_data_20000000_ROMStart = (___ROM_AT + SIZEOF (.data))

.jcr            0x1fffe154        0x0 load address 0x00004b60
 .jcr           0x1fffe154        0x0 c:/freescale/kds_v3/toolchain/bin/../lib/gcc/arm-none-eabi/4.8.4/armv7e-m/crtbegin.o

.igot.plt       0x1fffe154        0x0 load address 0x00004b60
 .igot.plt      0x00000000        0x0 c:/freescale/kds_v3/toolchain/bin/../lib/gcc/arm-none-eabi/4.8.4/armv7e-m/crtbegin.o

.m_data_20000000
                0x20000000        0x0 load address 0x00004b60
                0x20000000                . = ALIGN (0x4)
                0x20000000                ___m_data_20000000_RAMStart = .
 *(.m_data_20000000)
                0x20000000                ___m_data_20000000_RAMEnd = .
                0x20000000                . = ALIGN (0x4)
                0x00000000                ___m_data_20000000_ROMSize = (___m_data_20000000_RAMEnd - ___m_data_20000000_RAMStart)
                0x20000000                . = ALIGN (0x4)

.bss            0x1fffe200      0x804 load address 0x00004e00
                0x1fffe200                __START_BSS = .
                0x1fffe200                PROVIDE (__bss_start__, __START_BSS)
 *(.bss)
 .bss           0x1fffe200       0x1c c:/freescale/kds_v3/toolchain/bin/../lib/gcc/arm-none-eabi/4.8.4/armv7e-m/crtbegin.o
 *(.bss*)
 .bss.DeviceDataPrv__DEFAULT_RTOS_ALLOC
                0x1fffe21c       0x20 ./Generated_Code/ASerialLdd1.o
 .bss.ChrTemp   0x1fffe23c        0x1 ./Generated_Code/CI2C1.o
 *fill*         0x1fffe23d        0x3 
 .bss.rpt_buf   0x1fffe240        0x4 ./Generated_Code/HIDM1.o
 .bss.g_app_request_params
                0x1fffe244        0x4 ./Generated_Code/HIDM1.o
 .bss.transactionOngoing
                0x1fffe248        0x1 ./Generated_Code/HIDM1.o
 .bss.mouse_init
                0x1fffe249        0x1 ./Generated_Code/HIDM1.o
 .bss.SerFlag   0x1fffe24a        0x2 ./Generated_Code/Inhr1.o
 .bss.BufferRead
                0x1fffe24c        0x1 ./Generated_Code/Inhr1.o
 .bss.OutBuffer
                0x1fffe24d        0x1 ./Generated_Code/Inhr1.o
 *fill*         0x1fffe24e        0x2 
 .bss.DeviceDataPrv__DEFAULT_RTOS_ALLOC
                0x1fffe250       0x1c ./Generated_Code/IntI2cLdd1.o
 .bss.PE_LDD_DeviceDataList
                0x1fffe26c        0x8 ./Generated_Code/PE_LDD.o
                0x1fffe26c                PE_LDD_DeviceDataList
 .bss.Tx2_buffer
                0x1fffe274       0x10 ./Generated_Code/Tx2.o
 .bss.Tx2_inIdx
                0x1fffe284        0x1 ./Generated_Code/Tx2.o
 .bss.Tx2_outIdx
                0x1fffe285        0x1 ./Generated_Code/Tx2.o
 .bss.Tx2_inSize
                0x1fffe286        0x1 ./Generated_Code/Tx2.o
 *fill*         0x1fffe287        0x1 
 .bss.g_class_callback
                0x1fffe288        0x4 ./Generated_Code/usb_class.o
 .bss.g_device_state_before_suspend
                0x1fffe28c        0x1 ./Generated_Code/usb_class.o
 *fill*         0x1fffe28d        0x3 
 .bss.g_bdtmap  0x1fffe290        0x4 ./Generated_Code/usb_dci_kinetis.o
                0x1fffe290                g_bdtmap
 .bss.g_bdt_elem
                0x1fffe294      0x240 ./Generated_Code/usb_dci_kinetis.o
 .bss.g_dci_controller_Id
                0x1fffe4d4        0x1 ./Generated_Code/usb_dci_kinetis.o
 *fill*         0x1fffe4d5        0x3 
 .bss.g_bdt_address
                0x1fffe4d8        0x4 ./Generated_Code/usb_dci_kinetis.o
 .bss.g_alternate_interface
                0x1fffe4dc        0x4 ./Generated_Code/usb_descriptor.o
 .bss.device_desc_req_count
                0x1fffe4e0        0x4 ./Generated_Code/usb_descriptor.o
                0x1fffe4e0                device_desc_req_count
 .bss.g_usb_component_status
                0x1fffe4e4        0x8 ./Generated_Code/usb_driver.o
 .bss.g_usb_ep_status
                0x1fffe4ec        0x8 ./Generated_Code/usb_driver.o
 .bss.g_EPn     0x1fffe4f4        0x1 ./Generated_Code/usb_driver.o
 .bss.g_EPn_max
                0x1fffe4f5        0x1 ./Generated_Code/usb_driver.o
 *fill*         0x1fffe4f6        0x2 
 .bss.g_setup_pkt
                0x1fffe4f8        0x8 ./Generated_Code/usb_framework.o
 .bss.g_std_framework_data
                0x1fffe500        0x2 ./Generated_Code/usb_framework.o
 .bss.g_assigned_address
                0x1fffe502        0x1 ./Generated_Code/usb_framework.o
 *fill*         0x1fffe503        0x1 
 .bss.g_framework_callback
                0x1fffe504        0x4 ./Generated_Code/usb_framework.o
 .bss.g_other_req_callback
                0x1fffe508        0x4 ./Generated_Code/usb_framework.o
 .bss.ext_req_to_host
                0x1fffe50c       0x28 ./Generated_Code/usb_framework.o
 .bss.g_hid_endpoint_data
                0x1fffe534       0x3c ./Generated_Code/usb_hid.o
 .bss.g_hid_class_callback
                0x1fffe570        0x4 ./Generated_Code/usb_hid.o
 .bss.g_vendor_req_callback
                0x1fffe574        0x4 ./Generated_Code/usb_hid.o
 .bss.g_param_callback
                0x1fffe578        0x4 ./Generated_Code/usb_hid.o
 .bss.rpt_buf.6130
                0x1fffe57c        0x4 ./Generated_Code/usb_hid.o
 *(COMMON)
 COMMON         0x1fffe580        0x6 ./Generated_Code/CI2C1.o
                0x1fffe580                IntI2cLdd1_DeviceDataPtr
                0x1fffe584                CI2C1_SndRcvTemp
 *fill*         0x1fffe586        0x2 
 COMMON         0x1fffe588        0x4 ./Generated_Code/Inhr1.o
                0x1fffe588                ASerialLdd1_DeviceDataPtr
 *fill*         0x1fffe58c       0x74 
 COMMON         0x1fffe600      0x400 ./Generated_Code/usb_dci_kinetis.o
                0x1fffe600                g_Mem
 COMMON         0x1fffea00        0x2 ./Generated_Code/usb_hid.o
                0x1fffea00                g_class_request_params
                0x1fffea04                . = ALIGN (0x4)
 *fill*         0x1fffea02        0x2 
                0x1fffea04                __END_BSS = .
                0x1fffea04                PROVIDE (__bss_end__, __END_BSS)
                0x00004b60                _romp_at = ((___ROM_AT + SIZEOF (.data)) + SIZEOF (.m_data_20000000))

.romp           0x1fffea04       0x24 load address 0x00004b60
                0x00004b60                __S_romp = _romp_at
                0x1fffea04        0x4 LONG 0x4a0c ___ROM_AT
                0x1fffea08        0x4 LONG 0x1fffe000 _sdata
                0x1fffea0c        0x4 LONG 0x154 ___data_size
                0x1fffea10        0x4 LONG 0x4b60 ___m_data_20000000_ROMStart
                0x1fffea14        0x4 LONG 0x20000000 ___m_data_20000000_RAMStart
                0x1fffea18        0x4 LONG 0x0 ___m_data_20000000_ROMSize
                0x1fffea1c        0x4 LONG 0x0
                0x1fffea20        0x4 LONG 0x0
                0x1fffea24        0x4 LONG 0x0
                0x00020000                text_end = (ORIGIN (m_text) + 0x1fbf0)
                0x00004b84                data_init_end = ((___m_data_20000000_ROMStart + SIZEOF (.m_data_20000000)) + SIZEOF (.romp))
                0x00000001                ASSERT ((data_init_end <= text_end), region m_text overflowed with text and data)

._user_heap_stack
                0x1fffea28      0x400 load address 0x00004b84
                0x1fffea28                . = ALIGN (0x4)
                0x1fffea28                PROVIDE (end, .)
                0x1fffea28                PROVIDE (_end, .)
                0x1fffea28                PROVIDE (__end__, .)
                0x1fffea28                __heap_addr = .
                0x1fffea28                __HeapBase = .
                0x1fffea28                . = (. + __heap_size)
                0x1fffea28                __HeapLimit = .
                0x1fffee28                . = (. + __stack_size)
 *fill*         0x1fffea28      0x400 
                0x1fffee28                . = ALIGN (0x4)

.ARM.attributes
                0x00000000       0x2a
 *(.ARM.attributes)
 .ARM.attributes
                0x00000000       0x1e c:/freescale/kds_v3/toolchain/bin/../lib/gcc/arm-none-eabi/4.8.4/armv7e-m/crti.o
 .ARM.attributes
                0x0000001e       0x2e c:/freescale/kds_v3/toolchain/bin/../lib/gcc/arm-none-eabi/4.8.4/armv7e-m/crtbegin.o
 .ARM.attributes
                0x0000004c       0x1c c:/freescale/kds_v3/toolchain/bin/../lib/gcc/arm-none-eabi/4.8.4/../../../../arm-none-eabi/lib/armv7e-m/crt0.o
 .ARM.attributes
                0x00000068       0x33 ./Sources/Events.o
 .ARM.attributes
                0x0000009b       0x33 ./Sources/main.o
 .ARM.attributes
                0x000000ce       0x33 ./Project_Settings/Startup_Code/startup.o
 .ARM.attributes
                0x00000101       0x33 ./Generated_Code/ASerialLdd1.o
 .ARM.attributes
                0x00000134       0x33 ./Generated_Code/CI2C1.o
 .ARM.attributes
                0x00000167       0x33 ./Generated_Code/Cpu.o
 .ARM.attributes
                0x0000019a       0x33 ./Generated_Code/HIDM1.o
 .ARM.attributes
                0x000001cd       0x33 ./Generated_Code/Inhr1.o
 .ARM.attributes
                0x00000200       0x33 ./Generated_Code/IntI2cLdd1.o
 .ARM.attributes
                0x00000233       0x33 ./Generated_Code/PE_LDD.o
 .ARM.attributes
                0x00000266       0x33 ./Generated_Code/Term1.o
 .ARM.attributes
                0x00000299       0x33 ./Generated_Code/Tx2.o
 .ARM.attributes
                0x000002cc       0x33 ./Generated_Code/USB0.o
 .ARM.attributes
                0x000002ff       0x33 ./Generated_Code/USB1.o
 .ARM.attributes
                0x00000332       0x33 ./Generated_Code/Vectors.o
 .ARM.attributes
                0x00000365       0x33 ./Generated_Code/usb_class.o
 .ARM.attributes
                0x00000398       0x33 ./Generated_Code/usb_dci_kinetis.o
 .ARM.attributes
                0x000003cb       0x33 ./Generated_Code/usb_descriptor.o
 .ARM.attributes
                0x000003fe       0x33 ./Generated_Code/usb_driver.o
 .ARM.attributes
                0x00000431       0x33 ./Generated_Code/usb_framework.o
 .ARM.attributes
                0x00000464       0x33 ./Generated_Code/usb_hid.o
 .ARM.attributes
                0x00000497       0x33 ./Generated_Code/wdt_kinetis.o
 .ARM.attributes
                0x000004ca       0x2e c:/freescale/kds_v3/toolchain/bin/../lib/gcc/arm-none-eabi/4.8.4/../../../../arm-none-eabi/lib/armv7e-m\libg_s.a(lib_a-exit.o)
 .ARM.attributes
                0x000004f8       0x2e c:/freescale/kds_v3/toolchain/bin/../lib/gcc/arm-none-eabi/4.8.4/../../../../arm-none-eabi/lib/armv7e-m\libg_s.a(lib_a-impure.o)
 .ARM.attributes
                0x00000526       0x2e c:/freescale/kds_v3/toolchain/bin/../lib/gcc/arm-none-eabi/4.8.4/../../../../arm-none-eabi/lib/armv7e-m\libg_s.a(lib_a-init.o)
 .ARM.attributes
                0x00000554       0x2e c:/freescale/kds_v3/toolchain/bin/../lib/gcc/arm-none-eabi/4.8.4/../../../../arm-none-eabi/lib/armv7e-m\libg_s.a(lib_a-memcpy-stub.o)
 .ARM.attributes
                0x00000582       0x2e c:/freescale/kds_v3/toolchain/bin/../lib/gcc/arm-none-eabi/4.8.4/../../../../arm-none-eabi/lib/armv7e-m\libg_s.a(lib_a-memset.o)
 .ARM.attributes
                0x000005b0       0x2e c:/freescale/kds_v3/toolchain/bin/../lib/gcc/arm-none-eabi/4.8.4/../../../../arm-none-eabi/lib/armv7e-m\libnosys.a(_exit.o)
 .ARM.attributes
                0x000005de       0x1e c:/freescale/kds_v3/toolchain/bin/../lib/gcc/arm-none-eabi/4.8.4/armv7e-m/crtn.o
OUTPUT(Lab_3.elf elf32-littlearm)

.debug_info     0x00000000     0x6f15
 .debug_info    0x00000000       0x96 ./Sources/Events.o
 .debug_info    0x00000096       0xfb ./Sources/main.o
 .debug_info    0x00000191      0x20a ./Project_Settings/Startup_Code/startup.o
 .debug_info    0x0000039b      0x939 ./Generated_Code/ASerialLdd1.o
 .debug_info    0x00000cd4      0x30b ./Generated_Code/CI2C1.o
 .debug_info    0x00000fdf      0x9e9 ./Generated_Code/Cpu.o
 .debug_info    0x000019c8      0x3bb ./Generated_Code/HIDM1.o
 .debug_info    0x00001d83      0x20b ./Generated_Code/Inhr1.o
 .debug_info    0x00001f8e      0x8c1 ./Generated_Code/IntI2cLdd1.o
 .debug_info    0x0000284f      0x251 ./Generated_Code/PE_LDD.o
 .debug_info    0x00002aa0      0x2ba ./Generated_Code/Term1.o
 .debug_info    0x00002d5a      0x268 ./Generated_Code/Tx2.o
 .debug_info    0x00002fc2      0x5ed ./Generated_Code/USB0.o
 .debug_info    0x000035af      0x257 ./Generated_Code/USB1.o
 .debug_info    0x00003806      0x10e ./Generated_Code/Vectors.o
 .debug_info    0x00003914      0x4d0 ./Generated_Code/usb_class.o
 .debug_info    0x00003de4     0x1381 ./Generated_Code/usb_dci_kinetis.o
 .debug_info    0x00005165      0x5f7 ./Generated_Code/usb_descriptor.o
 .debug_info    0x0000575c      0x55c ./Generated_Code/usb_driver.o
 .debug_info    0x00005cb8      0x92f ./Generated_Code/usb_framework.o
 .debug_info    0x000065e7      0x7c1 ./Generated_Code/usb_hid.o
 .debug_info    0x00006da8      0x16d ./Generated_Code/wdt_kinetis.o

.debug_abbrev   0x00000000     0x1b0a
 .debug_abbrev  0x00000000       0x45 ./Sources/Events.o
 .debug_abbrev  0x00000045       0x8d ./Sources/main.o
 .debug_abbrev  0x000000d2      0x11e ./Project_Settings/Startup_Code/startup.o
 .debug_abbrev  0x000001f0      0x1c3 ./Generated_Code/ASerialLdd1.o
 .debug_abbrev  0x000003b3      0x124 ./Generated_Code/CI2C1.o
 .debug_abbrev  0x000004d7      0x178 ./Generated_Code/Cpu.o
 .debug_abbrev  0x0000064f      0x18a ./Generated_Code/HIDM1.o
 .debug_abbrev  0x000007d9      0x117 ./Generated_Code/Inhr1.o
 .debug_abbrev  0x000008f0      0x182 ./Generated_Code/IntI2cLdd1.o
 .debug_abbrev  0x00000a72      0x10d ./Generated_Code/PE_LDD.o
 .debug_abbrev  0x00000b7f      0x139 ./Generated_Code/Term1.o
 .debug_abbrev  0x00000cb8       0xea ./Generated_Code/Tx2.o
 .debug_abbrev  0x00000da2       0xe9 ./Generated_Code/USB0.o
 .debug_abbrev  0x00000e8b      0x10b ./Generated_Code/USB1.o
 .debug_abbrev  0x00000f96       0xa4 ./Generated_Code/Vectors.o
 .debug_abbrev  0x0000103a      0x170 ./Generated_Code/usb_class.o
 .debug_abbrev  0x000011aa      0x2a7 ./Generated_Code/usb_dci_kinetis.o
 .debug_abbrev  0x00001451      0x120 ./Generated_Code/usb_descriptor.o
 .debug_abbrev  0x00001571      0x192 ./Generated_Code/usb_driver.o
 .debug_abbrev  0x00001703      0x1bb ./Generated_Code/usb_framework.o
 .debug_abbrev  0x000018be      0x1bf ./Generated_Code/usb_hid.o
 .debug_abbrev  0x00001a7d       0x8d ./Generated_Code/wdt_kinetis.o

.debug_aranges  0x00000000      0x6d0
 .debug_aranges
                0x00000000       0x20 ./Sources/Events.o
 .debug_aranges
                0x00000020       0x20 ./Sources/main.o
 .debug_aranges
                0x00000040       0x50 ./Project_Settings/Startup_Code/startup.o
 .debug_aranges
                0x00000090       0x58 ./Generated_Code/ASerialLdd1.o
 .debug_aranges
                0x000000e8       0x40 ./Generated_Code/CI2C1.o
 .debug_aranges
                0x00000128       0x40 ./Generated_Code/Cpu.o
 .debug_aranges
                0x00000168       0x60 ./Generated_Code/HIDM1.o
 .debug_aranges
                0x000001c8       0x48 ./Generated_Code/Inhr1.o
 .debug_aranges
                0x00000210       0x70 ./Generated_Code/IntI2cLdd1.o
 .debug_aranges
                0x00000280       0x30 ./Generated_Code/PE_LDD.o
 .debug_aranges
                0x000002b0       0x68 ./Generated_Code/Term1.o
 .debug_aranges
                0x00000318       0x50 ./Generated_Code/Tx2.o
 .debug_aranges
                0x00000368       0x20 ./Generated_Code/USB0.o
 .debug_aranges
                0x00000388       0x38 ./Generated_Code/USB1.o
 .debug_aranges
                0x000003c0       0x18 ./Generated_Code/Vectors.o
 .debug_aranges
                0x000003d8       0x70 ./Generated_Code/usb_class.o
 .debug_aranges
                0x00000448       0xc8 ./Generated_Code/usb_dci_kinetis.o
 .debug_aranges
                0x00000510       0x50 ./Generated_Code/usb_descriptor.o
 .debug_aranges
                0x00000560       0x70 ./Generated_Code/usb_driver.o
 .debug_aranges
                0x000005d0       0x90 ./Generated_Code/usb_framework.o
 .debug_aranges
                0x00000660       0x50 ./Generated_Code/usb_hid.o
 .debug_aranges
                0x000006b0       0x20 ./Generated_Code/wdt_kinetis.o

.debug_ranges   0x00000000      0x568
 .debug_ranges  0x00000000       0x10 ./Sources/Events.o
 .debug_ranges  0x00000010       0x10 ./Sources/main.o
 .debug_ranges  0x00000020       0x40 ./Project_Settings/Startup_Code/startup.o
 .debug_ranges  0x00000060       0x48 ./Generated_Code/ASerialLdd1.o
 .debug_ranges  0x000000a8       0x30 ./Generated_Code/CI2C1.o
 .debug_ranges  0x000000d8       0x30 ./Generated_Code/Cpu.o
 .debug_ranges  0x00000108       0x50 ./Generated_Code/HIDM1.o
 .debug_ranges  0x00000158       0x38 ./Generated_Code/Inhr1.o
 .debug_ranges  0x00000190       0x60 ./Generated_Code/IntI2cLdd1.o
 .debug_ranges  0x000001f0       0x20 ./Generated_Code/PE_LDD.o
 .debug_ranges  0x00000210       0x58 ./Generated_Code/Term1.o
 .debug_ranges  0x00000268       0x40 ./Generated_Code/Tx2.o
 .debug_ranges  0x000002a8       0x10 ./Generated_Code/USB0.o
 .debug_ranges  0x000002b8       0x28 ./Generated_Code/USB1.o
 .debug_ranges  0x000002e0       0x60 ./Generated_Code/usb_class.o
 .debug_ranges  0x00000340       0xb8 ./Generated_Code/usb_dci_kinetis.o
 .debug_ranges  0x000003f8       0x40 ./Generated_Code/usb_descriptor.o
 .debug_ranges  0x00000438       0x60 ./Generated_Code/usb_driver.o
 .debug_ranges  0x00000498       0x80 ./Generated_Code/usb_framework.o
 .debug_ranges  0x00000518       0x40 ./Generated_Code/usb_hid.o
 .debug_ranges  0x00000558       0x10 ./Generated_Code/wdt_kinetis.o

.debug_macro    0x00000000    0x1c0ab
 .debug_macro   0x00000000      0x14e ./Sources/Events.o
 .debug_macro   0x0000014e      0x84a ./Sources/Events.o
 .debug_macro   0x00000998       0x16 ./Sources/Events.o
 .debug_macro   0x000009ae       0x44 ./Sources/Events.o
 .debug_macro   0x000009f2      0x209 ./Sources/Events.o
 .debug_macro   0x00000bfb     0x1664 ./Sources/Events.o
 .debug_macro   0x0000225f      0x14e ./Sources/Events.o
 .debug_macro   0x000023ad       0x6a ./Sources/Events.o
 .debug_macro   0x00002417     0x9b9f ./Sources/Events.o
 .debug_macro   0x0000bfb6       0x9a ./Sources/Events.o
 .debug_macro   0x0000c050       0x2e ./Sources/Events.o
 .debug_macro   0x0000c07e       0x1d ./Sources/Events.o
 .debug_macro   0x0000c09b      0x166 ./Sources/Events.o
 .debug_macro   0x0000c201       0x22 ./Sources/Events.o
 .debug_macro   0x0000c223       0x40 ./Sources/Events.o
 .debug_macro   0x0000c263       0x5e ./Sources/Events.o
 .debug_macro   0x0000c2c1       0x11 ./Sources/Events.o
 .debug_macro   0x0000c2d2       0x5f ./Sources/Events.o
 .debug_macro   0x0000c331      0x245 ./Sources/main.o
 .debug_macro   0x0000c576       0x58 ./Sources/main.o
 .debug_macro   0x0000c5ce       0x35 ./Sources/main.o
 .debug_macro   0x0000c603       0xa3 ./Sources/main.o
 .debug_macro   0x0000c6a6       0x16 ./Sources/main.o
 .debug_macro   0x0000c6bc       0x35 ./Sources/main.o
 .debug_macro   0x0000c6f1       0x10 ./Sources/main.o
 .debug_macro   0x0000c701       0x52 ./Sources/main.o
 .debug_macro   0x0000c753       0x16 ./Sources/main.o
 .debug_macro   0x0000c769       0x43 ./Sources/main.o
 .debug_macro   0x0000c7ac      0x180 ./Sources/main.o
 .debug_macro   0x0000c92c       0x10 ./Sources/main.o
 .debug_macro   0x0000c93c       0x22 ./Sources/main.o
 .debug_macro   0x0000c95e       0xbd ./Sources/main.o
 .debug_macro   0x0000ca1b       0x16 ./Sources/main.o
 .debug_macro   0x0000ca31      0x14a ./Sources/main.o
 .debug_macro   0x0000cb7b       0x16 ./Sources/main.o
 .debug_macro   0x0000cb91       0x22 ./Sources/main.o
 .debug_macro   0x0000cbb3       0x22 ./Sources/main.o
 .debug_macro   0x0000cbd5      0x121 ./Project_Settings/Startup_Code/startup.o
 .debug_macro   0x0000ccf6       0x4a ./Project_Settings/Startup_Code/startup.o
 .debug_macro   0x0000cd40      0x2a6 ./Project_Settings/Startup_Code/startup.o
 .debug_macro   0x0000cfe6       0x10 ./Project_Settings/Startup_Code/startup.o
 .debug_macro   0x0000cff6       0x10 ./Project_Settings/Startup_Code/startup.o
 .debug_macro   0x0000d006      0x20f ./Project_Settings/Startup_Code/startup.o
 .debug_macro   0x0000d215     0x9b93 ./Project_Settings/Startup_Code/startup.o
 .debug_macro   0x00016da8       0xc5 ./Generated_Code/ASerialLdd1.o
 .debug_macro   0x00016e6d       0x58 ./Generated_Code/ASerialLdd1.o
 .debug_macro   0x00016ec5       0x17 ./Generated_Code/ASerialLdd1.o
 .debug_macro   0x00016edc       0x94 ./Generated_Code/ASerialLdd1.o
 .debug_macro   0x00016f70      0x7ab ./Generated_Code/ASerialLdd1.o
 .debug_macro   0x0001771b      0x9b1 ./Generated_Code/ASerialLdd1.o
 .debug_macro   0x000180cc       0xa7 ./Generated_Code/CI2C1.o
 .debug_macro   0x00018173       0xa0 ./Generated_Code/CI2C1.o
 .debug_macro   0x00018213       0x58 ./Generated_Code/CI2C1.o
 .debug_macro   0x0001826b      0x159 ./Generated_Code/Cpu.o
 .debug_macro   0x000183c4      0x274 ./Generated_Code/HIDM1.o
 .debug_macro   0x00018638       0x64 ./Generated_Code/HIDM1.o
 .debug_macro   0x0001869c       0x10 ./Generated_Code/HIDM1.o
 .debug_macro   0x000186ac       0x10 ./Generated_Code/HIDM1.o
 .debug_macro   0x000186bc       0x10 ./Generated_Code/HIDM1.o
 .debug_macro   0x000186cc       0x3a ./Generated_Code/HIDM1.o
 .debug_macro   0x00018706      0x38c ./Generated_Code/HIDM1.o
 .debug_macro   0x00018a92       0x8e ./Generated_Code/HIDM1.o
 .debug_macro   0x00018b20       0xca ./Generated_Code/HIDM1.o
 .debug_macro   0x00018bea       0x59 ./Generated_Code/HIDM1.o
 .debug_macro   0x00018c43       0xdf ./Generated_Code/Inhr1.o
 .debug_macro   0x00018d22       0xf0 ./Generated_Code/IntI2cLdd1.o
 .debug_macro   0x00018e12      0x4e4 ./Generated_Code/IntI2cLdd1.o
 .debug_macro   0x000192f6      0x29c ./Generated_Code/IntI2cLdd1.o
 .debug_macro   0x00019592      0x11c ./Generated_Code/PE_LDD.o
 .debug_macro   0x000196ae       0xad ./Generated_Code/Term1.o
 .debug_macro   0x0001975b       0xaf ./Generated_Code/Tx2.o
 .debug_macro   0x0001980a       0x97 ./Generated_Code/USB0.o
 .debug_macro   0x000198a1       0xf1 ./Generated_Code/USB1.o
 .debug_macro   0x00019992      0x150 ./Generated_Code/Vectors.o
 .debug_macro   0x00019ae2       0x12 ./Generated_Code/Vectors.o
 .debug_macro   0x00019af4      0x10a ./Generated_Code/usb_class.o
 .debug_macro   0x00019bfe       0x6a ./Generated_Code/usb_class.o
 .debug_macro   0x00019c68     0x1652 ./Generated_Code/usb_class.o
 .debug_macro   0x0001b2ba       0xd0 ./Generated_Code/usb_class.o
 .debug_macro   0x0001b38a       0xa0 ./Generated_Code/usb_class.o
 .debug_macro   0x0001b42a      0x1bd ./Generated_Code/usb_dci_kinetis.o
 .debug_macro   0x0001b5e7       0x69 ./Generated_Code/usb_dci_kinetis.o
 .debug_macro   0x0001b650      0x164 ./Generated_Code/usb_dci_kinetis.o
 .debug_macro   0x0001b7b4       0x3a ./Generated_Code/usb_dci_kinetis.o
 .debug_macro   0x0001b7ee       0x94 ./Generated_Code/usb_dci_kinetis.o
 .debug_macro   0x0001b882      0x10a ./Generated_Code/usb_descriptor.o
 .debug_macro   0x0001b98c       0xf5 ./Generated_Code/usb_driver.o
 .debug_macro   0x0001ba81       0x6f ./Generated_Code/usb_driver.o
 .debug_macro   0x0001baf0      0x24e ./Generated_Code/usb_driver.o
 .debug_macro   0x0001bd3e      0x1ad ./Generated_Code/usb_framework.o
 .debug_macro   0x0001beeb      0x110 ./Generated_Code/usb_hid.o
 .debug_macro   0x0001bffb       0xb0 ./Generated_Code/wdt_kinetis.o

.debug_line     0x00000000     0x529f
 .debug_line    0x00000000      0x2f6 ./Sources/Events.o
 .debug_line    0x000002f6      0x3c2 ./Sources/main.o
 .debug_line    0x000006b8      0x405 ./Project_Settings/Startup_Code/startup.o
 .debug_line    0x00000abd      0x397 ./Generated_Code/ASerialLdd1.o
 .debug_line    0x00000e54      0x2dc ./Generated_Code/CI2C1.o
 .debug_line    0x00001130      0x495 ./Generated_Code/Cpu.o
 .debug_line    0x000015c5      0x4f0 ./Generated_Code/HIDM1.o
 .debug_line    0x00001ab5      0x2a3 ./Generated_Code/Inhr1.o
 .debug_line    0x00001d58      0x450 ./Generated_Code/IntI2cLdd1.o
 .debug_line    0x000021a8      0x2d5 ./Generated_Code/PE_LDD.o
 .debug_line    0x0000247d      0x396 ./Generated_Code/Term1.o
 .debug_line    0x00002813      0x2b6 ./Generated_Code/Tx2.o
 .debug_line    0x00002ac9      0x24b ./Generated_Code/USB0.o
 .debug_line    0x00002d14      0x2ae ./Generated_Code/USB1.o
 .debug_line    0x00002fc2      0x3ea ./Generated_Code/Vectors.o
 .debug_line    0x000033ac      0x3c5 ./Generated_Code/usb_class.o
 .debug_line    0x00003771      0x757 ./Generated_Code/usb_dci_kinetis.o
 .debug_line    0x00003ec8      0x376 ./Generated_Code/usb_descriptor.o
 .debug_line    0x0000423e      0x41f ./Generated_Code/usb_driver.o
 .debug_line    0x0000465d      0x580 ./Generated_Code/usb_framework.o
 .debug_line    0x00004bdd      0x46c ./Generated_Code/usb_hid.o
 .debug_line    0x00005049      0x256 ./Generated_Code/wdt_kinetis.o

.debug_str      0x00000000    0x5c1c6
 .debug_str     0x00000000    0x3f6c4 ./Sources/Events.o
                              0x3f87d (size before relaxing)
 .debug_str     0x0003f6c4     0x1db1 ./Sources/main.o
                              0x41629 (size before relaxing)
 .debug_str     0x00041475     0x1018 ./Project_Settings/Startup_Code/startup.o
                              0x3a1f3 (size before relaxing)
 .debug_str     0x0004248d     0xec30 ./Generated_Code/ASerialLdd1.o
                              0x4db91 (size before relaxing)
 .debug_str     0x000510bd      0x175 ./Generated_Code/CI2C1.o
                              0x3f182 (size before relaxing)
 .debug_str     0x00051232      0x293 ./Generated_Code/Cpu.o
                              0x3fc3a (size before relaxing)
 .debug_str     0x000514c5     0x1ab7 ./Generated_Code/HIDM1.o
                              0x43ae4 (size before relaxing)
 .debug_str     0x00052f7c      0x17a ./Generated_Code/Inhr1.o
                              0x3f10f (size before relaxing)
 .debug_str     0x000530f6     0x6871 ./Generated_Code/IntI2cLdd1.o
                              0x45ff6 (size before relaxing)
 .debug_str     0x00059967      0x17e ./Generated_Code/PE_LDD.o
                              0x3fa32 (size before relaxing)
 .debug_str     0x00059ae5       0xc3 ./Generated_Code/Term1.o
                              0x3f04a (size before relaxing)
 .debug_str     0x00059ba8      0x12c ./Generated_Code/Tx2.o
                              0x3f0f8 (size before relaxing)
 .debug_str     0x00059cd4      0x1e7 ./Generated_Code/USB0.o
                              0x3f064 (size before relaxing)
 .debug_str     0x00059ebb       0x50 ./Generated_Code/USB1.o
                              0x3f738 (size before relaxing)
 .debug_str     0x00059f0b       0x1c ./Generated_Code/Vectors.o
                              0x3f8c5 (size before relaxing)
 .debug_str     0x00059f27      0x511 ./Generated_Code/usb_class.o
                              0x40ded (size before relaxing)
 .debug_str     0x0005a438      0xc37 ./Generated_Code/usb_dci_kinetis.o
                              0x437f2 (size before relaxing)
 .debug_str     0x0005b06f      0x2a1 ./Generated_Code/usb_descriptor.o
                              0x40b9b (size before relaxing)
 .debug_str     0x0005b310      0x9e8 ./Generated_Code/usb_driver.o
                              0x40ff7 (size before relaxing)
 .debug_str     0x0005bcf8      0x27a ./Generated_Code/usb_framework.o
                              0x4312d (size before relaxing)
 .debug_str     0x0005bf72      0x225 ./Generated_Code/usb_hid.o
                              0x40dcd (size before relaxing)
 .debug_str     0x0005c197       0x2f ./Generated_Code/wdt_kinetis.o
                              0x3f30b (size before relaxing)

.comment        0x00000000       0x70
 .comment       0x00000000       0x70 ./Sources/Events.o
                                 0x71 (size before relaxing)
 .comment       0x00000000       0x71 ./Sources/main.o
 .comment       0x00000000       0x71 ./Project_Settings/Startup_Code/startup.o
 .comment       0x00000000       0x71 ./Generated_Code/ASerialLdd1.o
 .comment       0x00000000       0x71 ./Generated_Code/CI2C1.o
 .comment       0x00000000       0x71 ./Generated_Code/Cpu.o
 .comment       0x00000000       0x71 ./Generated_Code/HIDM1.o
 .comment       0x00000000       0x71 ./Generated_Code/Inhr1.o
 .comment       0x00000000       0x71 ./Generated_Code/IntI2cLdd1.o
 .comment       0x00000000       0x71 ./Generated_Code/PE_LDD.o
 .comment       0x00000000       0x71 ./Generated_Code/Term1.o
 .comment       0x00000000       0x71 ./Generated_Code/Tx2.o
 .comment       0x00000000       0x71 ./Generated_Code/USB0.o
 .comment       0x00000000       0x71 ./Generated_Code/USB1.o
 .comment       0x00000000       0x71 ./Generated_Code/Vectors.o
 .comment       0x00000000       0x71 ./Generated_Code/usb_class.o
 .comment       0x00000000       0x71 ./Generated_Code/usb_dci_kinetis.o
 .comment       0x00000000       0x71 ./Generated_Code/usb_descriptor.o
 .comment       0x00000000       0x71 ./Generated_Code/usb_driver.o
 .comment       0x00000000       0x71 ./Generated_Code/usb_framework.o
 .comment       0x00000000       0x71 ./Generated_Code/usb_hid.o
 .comment       0x00000000       0x71 ./Generated_Code/wdt_kinetis.o

.debug_frame    0x00000000     0x13b4
 .debug_frame   0x00000000       0x28 ./Sources/Events.o
 .debug_frame   0x00000028       0x30 ./Sources/main.o
 .debug_frame   0x00000058       0xc0 ./Project_Settings/Startup_Code/startup.o
 .debug_frame   0x00000118      0x100 ./Generated_Code/ASerialLdd1.o
 .debug_frame   0x00000218       0xac ./Generated_Code/CI2C1.o
 .debug_frame   0x000002c4       0xa4 ./Generated_Code/Cpu.o
 .debug_frame   0x00000368      0x120 ./Generated_Code/HIDM1.o
 .debug_frame   0x00000488       0xc0 ./Generated_Code/Inhr1.o
 .debug_frame   0x00000548      0x148 ./Generated_Code/IntI2cLdd1.o
 .debug_frame   0x00000690       0x64 ./Generated_Code/PE_LDD.o
 .debug_frame   0x000006f4      0x13c ./Generated_Code/Term1.o
 .debug_frame   0x00000830       0xcc ./Generated_Code/Tx2.o
 .debug_frame   0x000008fc       0x28 ./Generated_Code/USB0.o
 .debug_frame   0x00000924       0x80 ./Generated_Code/USB1.o
 .debug_frame   0x000009a4      0x168 ./Generated_Code/usb_class.o
 .debug_frame   0x00000b0c      0x2bc ./Generated_Code/usb_dci_kinetis.o
 .debug_frame   0x00000dc8       0xd4 ./Generated_Code/usb_descriptor.o
 .debug_frame   0x00000e9c      0x158 ./Generated_Code/usb_driver.o
 .debug_frame   0x00000ff4      0x1ec ./Generated_Code/usb_framework.o
 .debug_frame   0x000011e0       0xf0 ./Generated_Code/usb_hid.o
 .debug_frame   0x000012d0       0x28 ./Generated_Code/wdt_kinetis.o
 .debug_frame   0x000012f8       0x28 c:/freescale/kds_v3/toolchain/bin/../lib/gcc/arm-none-eabi/4.8.4/../../../../arm-none-eabi/lib/armv7e-m\libg_s.a(lib_a-exit.o)
 .debug_frame   0x00001320       0x2c c:/freescale/kds_v3/toolchain/bin/../lib/gcc/arm-none-eabi/4.8.4/../../../../arm-none-eabi/lib/armv7e-m\libg_s.a(lib_a-init.o)
 .debug_frame   0x0000134c       0x28 c:/freescale/kds_v3/toolchain/bin/../lib/gcc/arm-none-eabi/4.8.4/../../../../arm-none-eabi/lib/armv7e-m\libg_s.a(lib_a-memcpy-stub.o)
 .debug_frame   0x00001374       0x20 c:/freescale/kds_v3/toolchain/bin/../lib/gcc/arm-none-eabi/4.8.4/../../../../arm-none-eabi/lib/armv7e-m\libg_s.a(lib_a-memset.o)
 .debug_frame   0x00001394       0x20 c:/freescale/kds_v3/toolchain/bin/../lib/gcc/arm-none-eabi/4.8.4/../../../../arm-none-eabi/lib/armv7e-m\libnosys.a(_exit.o)
