Archive member included because of file (symbol)

c:/freescale/kds_v3/toolchain/bin/../lib/gcc/arm-none-eabi/4.8.4/armv7e-m\libgcc.a(_arm_addsubsf3.o)
                              ./Generated_Code/RealTimeLdd1.o (__aeabi_ui2f)
c:/freescale/kds_v3/toolchain/bin/../lib/gcc/arm-none-eabi/4.8.4/armv7e-m\libgcc.a(_arm_muldivsf3.o)
                              ./Generated_Code/PwmLdd1.o (__aeabi_fmul)
c:/freescale/kds_v3/toolchain/bin/../lib/gcc/arm-none-eabi/4.8.4/armv7e-m\libgcc.a(_arm_cmpsf2.o)
                              ./Generated_Code/PwmLdd1.o (__aeabi_fcmpgt)
c:/freescale/kds_v3/toolchain/bin/../lib/gcc/arm-none-eabi/4.8.4/armv7e-m\libgcc.a(_arm_fixunssfsi.o)
                              ./Generated_Code/PwmLdd1.o (__aeabi_f2uiz)
c:/freescale/kds_v3/toolchain/bin/../lib/gcc/arm-none-eabi/4.8.4/../../../../arm-none-eabi/lib/armv7e-m\libg_s.a(lib_a-exit.o)
                              c:/freescale/kds_v3/toolchain/bin/../lib/gcc/arm-none-eabi/4.8.4/../../../../arm-none-eabi/lib/armv7e-m/crt0.o (exit)
c:/freescale/kds_v3/toolchain/bin/../lib/gcc/arm-none-eabi/4.8.4/../../../../arm-none-eabi/lib/armv7e-m\libg_s.a(lib_a-impure.o)
                              c:/freescale/kds_v3/toolchain/bin/../lib/gcc/arm-none-eabi/4.8.4/../../../../arm-none-eabi/lib/armv7e-m\libg_s.a(lib_a-exit.o) (_global_impure_ptr)
c:/freescale/kds_v3/toolchain/bin/../lib/gcc/arm-none-eabi/4.8.4/../../../../arm-none-eabi/lib/armv7e-m\libg_s.a(lib_a-init.o)
                              c:/freescale/kds_v3/toolchain/bin/../lib/gcc/arm-none-eabi/4.8.4/../../../../arm-none-eabi/lib/armv7e-m/crt0.o (__libc_init_array)
c:/freescale/kds_v3/toolchain/bin/../lib/gcc/arm-none-eabi/4.8.4/../../../../arm-none-eabi/lib/armv7e-m\libg_s.a(lib_a-memset.o)
                              c:/freescale/kds_v3/toolchain/bin/../lib/gcc/arm-none-eabi/4.8.4/../../../../arm-none-eabi/lib/armv7e-m/crt0.o (memset)
c:/freescale/kds_v3/toolchain/bin/../lib/gcc/arm-none-eabi/4.8.4/../../../../arm-none-eabi/lib/armv7e-m\libnosys.a(_exit.o)
                              c:/freescale/kds_v3/toolchain/bin/../lib/gcc/arm-none-eabi/4.8.4/../../../../arm-none-eabi/lib/armv7e-m\libg_s.a(lib_a-exit.o) (_exit)

Allocating common symbols
Common symbol       size              file

ASerialLdd1_DeviceDataPtr
                    0x4               ./Generated_Code/Inhr1.o
IntI2cLdd1_DeviceDataPtr
                    0x4               ./Generated_Code/CI2C1.o
SR_reg              0x1               ./Generated_Code/Cpu.o
CI2C1_SndRcvTemp    0x2               ./Generated_Code/CI2C1.o

Discarded input sections

 .text          0x00000000        0x0 c:/freescale/kds_v3/toolchain/bin/../lib/gcc/arm-none-eabi/4.8.4/armv7e-m/crti.o
 .data          0x00000000        0x0 c:/freescale/kds_v3/toolchain/bin/../lib/gcc/arm-none-eabi/4.8.4/armv7e-m/crti.o
 .bss           0x00000000        0x0 c:/freescale/kds_v3/toolchain/bin/../lib/gcc/arm-none-eabi/4.8.4/armv7e-m/crti.o
 .data          0x00000000        0x4 c:/freescale/kds_v3/toolchain/bin/../lib/gcc/arm-none-eabi/4.8.4/armv7e-m/crtbegin.o
 .data          0x00000000        0x0 c:/freescale/kds_v3/toolchain/bin/../lib/gcc/arm-none-eabi/4.8.4/../../../../arm-none-eabi/lib/armv7e-m/crt0.o
 .bss           0x00000000        0x0 c:/freescale/kds_v3/toolchain/bin/../lib/gcc/arm-none-eabi/4.8.4/../../../../arm-none-eabi/lib/armv7e-m/crt0.o
 .ARM.extab     0x00000000        0x0 c:/freescale/kds_v3/toolchain/bin/../lib/gcc/arm-none-eabi/4.8.4/../../../../arm-none-eabi/lib/armv7e-m/crt0.o
 .group         0x00000000        0x8 ./Sources/Events.o
 .group         0x00000000        0x8 ./Sources/Events.o
 .group         0x00000000        0x8 ./Sources/Events.o
 .group         0x00000000        0x8 ./Sources/Events.o
 .group         0x00000000        0x8 ./Sources/Events.o
 .group         0x00000000        0x8 ./Sources/Events.o
 .group         0x00000000        0x8 ./Sources/Events.o
 .group         0x00000000        0x8 ./Sources/Events.o
 .group         0x00000000        0x8 ./Sources/Events.o
 .group         0x00000000        0x8 ./Sources/Events.o
 .group         0x00000000        0x8 ./Sources/Events.o
 .group         0x00000000        0x8 ./Sources/Events.o
 .group         0x00000000        0x8 ./Sources/Events.o
 .group         0x00000000        0x8 ./Sources/Events.o
 .group         0x00000000        0x8 ./Sources/Events.o
 .group         0x00000000        0x8 ./Sources/Events.o
 .group         0x00000000        0x8 ./Sources/Events.o
 .group         0x00000000        0x8 ./Sources/Events.o
 .group         0x00000000        0x8 ./Sources/Events.o
 .group         0x00000000        0x8 ./Sources/Events.o
 .group         0x00000000        0x8 ./Sources/Events.o
 .group         0x00000000        0x8 ./Sources/Events.o
 .group         0x00000000        0x8 ./Sources/Events.o
 .group         0x00000000        0x8 ./Sources/Events.o
 .text          0x00000000        0x0 ./Sources/Events.o
 .data          0x00000000        0x0 ./Sources/Events.o
[...]
Memory Configuration

Name             Origin             Length             Attributes
m_interrupts     0x00000000         0x000000f8         xr
m_text           0x00000410         0x0001fbf0         xr
m_data           0x1fffe000         0x00002000         rw
m_data_20000000  0x20000000         0x00002000         rw
m_cfmprotrom     0x00000400         0x00000010         xr
*default*        0x00000000         0xffffffff

Linker script and memory map

LOAD c:/freescale/kds_v3/toolchain/bin/../lib/gcc/arm-none-eabi/4.8.4/armv7e-m/crti.o
LOAD c:/freescale/kds_v3/toolchain/bin/../lib/gcc/arm-none-eabi/4.8.4/armv7e-m/crtbegin.o
LOAD c:/freescale/kds_v3/toolchain/bin/../lib/gcc/arm-none-eabi/4.8.4/../../../../arm-none-eabi/lib/armv7e-m/crt0.o
LOAD ./Sources/Events.o
LOAD ./Sources/main.o
LOAD ./Project_Settings/Startup_Code/startup.o
LOAD ./Generated_Code/ASerialLdd1.o
LOAD ./Generated_Code/BLUE_PWM.o
LOAD ./Generated_Code/CI2C1.o
LOAD ./Generated_Code/Cpu.o
LOAD ./Generated_Code/FC321.o
LOAD ./Generated_Code/GREEN_PWM.o
LOAD ./Generated_Code/Inhr1.o
LOAD ./Generated_Code/IntI2cLdd1.o
LOAD ./Generated_Code/PE_LDD.o
LOAD ./Generated_Code/PwmLdd1.o
LOAD ./Generated_Code/PwmLdd2.o
LOAD ./Generated_Code/PwmLdd3.o
LOAD ./Generated_Code/RED_PWM1.o
LOAD ./Generated_Code/RealTimeLdd1.o
LOAD ./Generated_Code/TU1.o
LOAD ./Generated_Code/TU2.o
LOAD ./Generated_Code/Term1.o
LOAD ./Generated_Code/Vectors.o
LOAD c:/freescale/kds_v3/toolchain/bin/../lib/gcc/arm-none-eabi/4.8.4/../../../../arm-none-eabi/lib/armv7e-m\libstdc++_s.a
LOAD c:/freescale/kds_v3/toolchain/bin/../lib/gcc/arm-none-eabi/4.8.4/../../../../arm-none-eabi/lib/armv7e-m\libm.a
START GROUP
LOAD c:/freescale/kds_v3/toolchain/bin/../lib/gcc/arm-none-eabi/4.8.4/armv7e-m\libgcc.a
LOAD c:/freescale/kds_v3/toolchain/bin/../lib/gcc/arm-none-eabi/4.8.4/../../../../arm-none-eabi/lib/armv7e-m\libg_s.a
LOAD c:/freescale/kds_v3/toolchain/bin/../lib/gcc/arm-none-eabi/4.8.4/../../../../arm-none-eabi/lib/armv7e-m\libc_s.a
END GROUP
START GROUP
LOAD c:/freescale/kds_v3/toolchain/bin/../lib/gcc/arm-none-eabi/4.8.4/armv7e-m\libgcc.a
LOAD c:/freescale/kds_v3/toolchain/bin/../lib/gcc/arm-none-eabi/4.8.4/../../../../arm-none-eabi/lib/armv7e-m\libc_s.a
LOAD c:/freescale/kds_v3/toolchain/bin/../lib/gcc/arm-none-eabi/4.8.4/../../../../arm-none-eabi/lib/armv7e-m\libnosys.a
END GROUP
START GROUP
LOAD c:/freescale/kds_v3/toolchain/bin/../lib/gcc/arm-none-eabi/4.8.4/armv7e-m\libgcc.a
LOAD c:/freescale/kds_v3/toolchain/bin/../lib/gcc/arm-none-eabi/4.8.4/../../../../arm-none-eabi/lib/armv7e-m\libc_s.a
LOAD c:/freescale/kds_v3/toolchain/bin/../lib/gcc/arm-none-eabi/4.8.4/../../../../arm-none-eabi/lib/armv7e-m\libnosys.a
END GROUP
LOAD c:/freescale/kds_v3/toolchain/bin/../lib/gcc/arm-none-eabi/4.8.4/armv7e-m/crtend.o
LOAD c:/freescale/kds_v3/toolchain/bin/../lib/gcc/arm-none-eabi/4.8.4/armv7e-m/crtn.o
                0x20000000                _estack = 0x20000000
                0x20000000                __SP_INIT = _estack
                0x20000000                __stack = _estack
                0x00000000                __heap_size = 0x0
                0x00000400                __stack_size = 0x400

.interrupts     0x00000000       0xf8
                0x00000000                __vector_table = .
                0x00000000                . = ALIGN (0x4)
 *(.vectortable)
 .vectortable   0x00000000       0xf8 ./Generated_Code/Vectors.o
                0x00000000                __vect_table
                0x000000f8                . = ALIGN (0x4)

.cfmprotect     0x00000400       0x10
                0x00000400                . = ALIGN (0x4)
 *(.cfmconfig)
 .cfmconfig     0x00000400       0x10 ./Generated_Code/Cpu.o
                0x00000400                _cfm
                0x00000410                . = ALIGN (0x4)

.text           0x00000410     0x25fc
                0x00000410                . = ALIGN (0x4)
 *(.text)
 .text          0x00000410       0x54 c:/freescale/kds_v3/toolchain/bin/../lib/gcc/arm-none-eabi/4.8.4/armv7e-m/crtbegin.o
 .text          0x00000464       0x74 c:/freescale/kds_v3/toolchain/bin/../lib/gcc/arm-none-eabi/4.8.4/../../../../arm-none-eabi/lib/armv7e-m/crt0.o
                0x00000464                _start
                0x00000464                _mainCRTStartup
 .text          0x000004d8      0x21c c:/freescale/kds_v3/toolchain/bin/../lib/gcc/arm-none-eabi/4.8.4/armv7e-m\libgcc.a(_arm_addsubsf3.o)
                0x000004d8                __aeabi_frsub
                0x000004e0                __subsf3
                0x000004e0                __aeabi_fsub
                0x000004e4                __aeabi_fadd
                0x000004e4                __addsf3
                0x00000644                __aeabi_ui2f
                0x00000644                __floatunsisf
                0x0000064c                __aeabi_i2f
                0x0000064c                __floatsisf
                0x00000668                __aeabi_ul2f
                0x00000668                __floatundisf
                0x00000678                __aeabi_l2f
                0x00000678                __floatdisf
 .text          0x000006f4      0x2a0 c:/freescale/kds_v3/toolchain/bin/../lib/gcc/arm-none-eabi/4.8.4/armv7e-m\libgcc.a(_arm_muldivsf3.o)
                0x000006f4                __mulsf3
                0x000006f4                __aeabi_fmul
                0x0000085c                __aeabi_fdiv
                0x0000085c                __divsf3
 .text          0x00000994       0xec c:/freescale/kds_v3/toolchain/bin/../lib/gcc/arm-none-eabi/4.8.4/armv7e-m\libgcc.a(_arm_cmpsf2.o)
                0x00000994                __gesf2
                0x00000994                __gtsf2
                0x0000099c                __lesf2
                0x0000099c                __ltsf2
                0x000009a4                __nesf2
                0x000009a4                __eqsf2
                0x000009a4                __cmpsf2
                0x00000a04                __aeabi_cfrcmple
                0x00000a0c                __aeabi_cfcmpeq
                0x00000a0c                __aeabi_cfcmple
                0x00000a1c                __aeabi_fcmpeq
                0x00000a30                __aeabi_fcmplt
                0x00000a44                __aeabi_fcmple
                0x00000a58                __aeabi_fcmpge
                0x00000a6c                __aeabi_fcmpgt
 .text          0x00000a80       0x40 c:/freescale/kds_v3/toolchain/bin/../lib/gcc/arm-none-eabi/4.8.4/armv7e-m\libgcc.a(_arm_fixunssfsi.o)
                0x00000a80                __fixunssfsi
                0x00000a80                __aeabi_f2uiz
 *(.text*)
 .text.Cpu_OnNMIINT
                0x00000ac0        0xc ./Sources/Events.o
                0x00000ac0                Cpu_OnNMIINT
 .text.main     0x00000acc      0x1a0 ./Sources/main.o
                0x00000acc                main
 .text.__copy_rom_section
                0x00000c6c       0xe4 ./Project_Settings/Startup_Code/startup.o
                0x00000c6c                __copy_rom_section
 .text.__copy_rom_sections_to_ram
                0x00000d50       0x9c ./Project_Settings/Startup_Code/startup.o
                0x00000d50                __copy_rom_sections_to_ram
 .text.__init_registers
                0x00000dec        0xc ./Project_Settings/Startup_Code/startup.o
                0x00000dec                __init_registers
 .text.__init_user
                0x00000df8        0xc ./Project_Settings/Startup_Code/startup.o
                0x00000df8                __init_user
 .text.__thumb_startup
                0x00000e04       0x34 ./Project_Settings/Startup_Code/startup.o
                0x00000e04                __thumb_startup
 .text.ASerialLdd1_Init
                0x00000e38      0x160 ./Generated_Code/ASerialLdd1.o
                0x00000e38                ASerialLdd1_Init
 .text.ASerialLdd1_ReceiveBlock
                0x00000f98       0x48 ./Generated_Code/ASerialLdd1.o
                0x00000f98                ASerialLdd1_ReceiveBlock
 .text.ASerialLdd1_SendBlock
                0x00000fe0       0x58 ./Generated_Code/ASerialLdd1.o
                0x00000fe0                ASerialLdd1_SendBlock
 .text.InterruptRx
                0x00001038       0x50 ./Generated_Code/ASerialLdd1.o
 .text.InterruptTx
                0x00001088       0x60 ./Generated_Code/ASerialLdd1.o
 .text.ASerialLdd1_Main
                0x000010e8       0xd8 ./Generated_Code/ASerialLdd1.o
                0x000010e8                ASerialLdd1_Main
 .text.CI2C1_SendChar
                0x000011c0       0x2c ./Generated_Code/CI2C1.o
                0x000011c0                CI2C1_SendChar
 .text.CI2C1_SendBlock
                0x000011ec      0x130 ./Generated_Code/CI2C1.o
                0x000011ec                CI2C1_SendBlock
 .text.CI2C1_RecvBlock
                0x0000131c      0x124 ./Generated_Code/CI2C1.o
                0x0000131c                CI2C1_RecvBlock
 .text.CI2C1_SelectSlave
                0x00001440       0x34 ./Generated_Code/CI2C1.o
                0x00001440                CI2C1_SelectSlave
 .text.CI2C1_Init
                0x00001474       0x18 ./Generated_Code/CI2C1.o
                0x00001474                CI2C1_Init
 .text.Cpu_INT_NMIInterrupt
                0x0000148c       0x1c ./Generated_Code/Cpu.o
                0x0000148c                Cpu_INT_NMIInterrupt
 .text.Cpu_Interrupt
                0x000014a8       0x18 ./Generated_Code/Cpu.o
                0x000014a8                Cpu_Interrupt
 .text.__init_hardware
                0x000014c0      0x11c ./Generated_Code/Cpu.o
                0x000014c0                __init_hardware
 .text.Cpu_SetBASEPRI
                0x000015dc       0x18 ./Generated_Code/Cpu.o
                0x000015dc                Cpu_SetBASEPRI
 .text.PE_low_level_init
                0x000015f4       0xc8 ./Generated_Code/Cpu.o
                0x000015f4                PE_low_level_init
 .text.HWEnDi   0x000016bc       0x1c ./Generated_Code/Inhr1.o
 .text.Inhr1_SendChar
                0x000016d8       0x5c ./Generated_Code/Inhr1.o
                0x000016d8                Inhr1_SendChar
 .text.Inhr1_Init
                0x00001734       0x24 ./Generated_Code/Inhr1.o
                0x00001734                Inhr1_Init
 .text.ASerialLdd1_OnBreak
                0x00001758       0x24 ./Generated_Code/Inhr1.o
                0x00001758                ASerialLdd1_OnBreak
 .text.IntI2cLdd1_Main
                0x0000177c      0x2d4 ./Generated_Code/IntI2cLdd1.o
                0x0000177c                IntI2cLdd1_Main
 .text.IntI2cLdd1_Init
                0x00001a50      0x110 ./Generated_Code/IntI2cLdd1.o
                0x00001a50                IntI2cLdd1_Init
 .text.IntI2cLdd1_MasterSendBlock
                0x00001b60      0x14c ./Generated_Code/IntI2cLdd1.o
                0x00001b60                IntI2cLdd1_MasterSendBlock
 .text.IntI2cLdd1_MasterGetBlockSentStatus
                0x00001cac       0x30 ./Generated_Code/IntI2cLdd1.o
                0x00001cac                IntI2cLdd1_MasterGetBlockSentStatus
 .text.IntI2cLdd1_MasterGetSentDataNum
                0x00001cdc       0x18 ./Generated_Code/IntI2cLdd1.o
                0x00001cdc                IntI2cLdd1_MasterGetSentDataNum
 .text.IntI2cLdd1_MasterReceiveBlock
                0x00001cf4      0x148 ./Generated_Code/IntI2cLdd1.o
                0x00001cf4                IntI2cLdd1_MasterReceiveBlock
 .text.IntI2cLdd1_MasterGetBlockReceivedStatus
                0x00001e3c       0x38 ./Generated_Code/IntI2cLdd1.o
                0x00001e3c                IntI2cLdd1_MasterGetBlockReceivedStatus
 .text.IntI2cLdd1_MasterGetReceivedDataNum
                0x00001e74       0x18 ./Generated_Code/IntI2cLdd1.o
                0x00001e74                IntI2cLdd1_MasterGetReceivedDataNum
 .text.IntI2cLdd1_SelectSlaveDevice
                0x00001e8c       0xf0 ./Generated_Code/IntI2cLdd1.o
                0x00001e8c                IntI2cLdd1_SelectSlaveDevice
 .text.IntI2cLdd1_GetError
                0x00001f7c       0x2c ./Generated_Code/IntI2cLdd1.o
                0x00001f7c                IntI2cLdd1_GetError
 .text.IntI2cLdd1_CheckBus
                0x00001fa8       0x3c ./Generated_Code/IntI2cLdd1.o
                0x00001fa8                IntI2cLdd1_CheckBus
 .text.PwmLdd1_Init
                0x00001fe4       0x54 ./Generated_Code/PwmLdd1.o
                0x00001fe4                PwmLdd1_Init
 .text.PwmLdd1_SetRatio16
                0x00002038       0x28 ./Generated_Code/PwmLdd1.o
                0x00002038                PwmLdd1_SetRatio16
 .text.SetRatio
                0x00002060       0x54 ./Generated_Code/PwmLdd1.o
 .text.PwmLdd2_Init
                0x000020b4       0x54 ./Generated_Code/PwmLdd2.o
                0x000020b4                PwmLdd2_Init
 .text.PwmLdd2_SetRatio16
                0x00002108       0x28 ./Generated_Code/PwmLdd2.o
                0x00002108                PwmLdd2_SetRatio16
 .text.SetRatio
                0x00002130       0x54 ./Generated_Code/PwmLdd2.o
 .text.PwmLdd3_Init
                0x00002184       0x54 ./Generated_Code/PwmLdd3.o
                0x00002184                PwmLdd3_Init
 .text.PwmLdd3_SetRatio16
                0x000021d8       0x28 ./Generated_Code/PwmLdd3.o
                0x000021d8                PwmLdd3_SetRatio16
 .text.SetRatio
                0x00002200       0x54 ./Generated_Code/PwmLdd3.o
 .text.RealTimeLdd1_Init
                0x00002254       0x5c ./Generated_Code/RealTimeLdd1.o
                0x00002254                RealTimeLdd1_Init
 .text.RealTimeLdd1_Reset
                0x000022b0       0x74 ./Generated_Code/RealTimeLdd1.o
                0x000022b0                RealTimeLdd1_Reset
 .text.RealTimeLdd1_GetTimeMS
                0x00002324       0xb0 ./Generated_Code/RealTimeLdd1.o
                0x00002324                RealTimeLdd1_GetTimeMS
 .text.TU2_OnCounterRestart
                0x000023d4       0x34 ./Generated_Code/RealTimeLdd1.o
                0x000023d4                TU2_OnCounterRestart
 .text.TU1_Init
                0x00002408      0x124 ./Generated_Code/TU1.o
                0x00002408                TU1_Init
 .text.TU1_GetPeriodTicks
                0x0000252c       0x30 ./Generated_Code/TU1.o
                0x0000252c                TU1_GetPeriodTicks
 .text.TU1_SetOffsetTicks
                0x0000255c       0x54 ./Generated_Code/TU1.o
                0x0000255c                TU1_SetOffsetTicks
 .text.TU2_Init
                0x000025b0       0xd4 ./Generated_Code/TU2.o
                0x000025b0                TU2_Init
 .text.TU2_ResetCounter
                0x00002684       0x20 ./Generated_Code/TU2.o
                0x00002684                TU2_ResetCounter
 .text.TU2_Interrupt
                0x000026a4       0x6c ./Generated_Code/TU2.o
                0x000026a4                TU2_Interrupt
 .text.SendESCPrefix
                0x00002710       0x24 ./Generated_Code/Term1.o
 .text.Term1_SendStr
                0x00002734       0x34 ./Generated_Code/Term1.o
                0x00002734                Term1_SendStr
 .text.LongToStr
                0x00002768       0xf4 ./Generated_Code/Term1.o
 .text.Term1_SendNum
                0x0000285c       0x54 ./Generated_Code/Term1.o
                0x0000285c                Term1_SendNum
 .text.Term1_Cls
                0x000028b0       0x28 ./Generated_Code/Term1.o
                0x000028b0                Term1_Cls
 .text.Term1_MoveTo
                0x000028d8       0x44 ./Generated_Code/Term1.o
                0x000028d8                Term1_MoveTo
 .text.exit     0x0000291c       0x28 c:/freescale/kds_v3/toolchain/bin/../lib/gcc/arm-none-eabi/4.8.4/../../../../arm-none-eabi/lib/armv7e-m\libg_s.a(lib_a-exit.o)
                0x0000291c                exit
 .text.__libc_init_array
                0x00002944       0x4c c:/freescale/kds_v3/toolchain/bin/../lib/gcc/arm-none-eabi/4.8.4/../../../../arm-none-eabi/lib/armv7e-m\libg_s.a(lib_a-init.o)
                0x00002944                __libc_init_array
 .text.memset   0x00002990       0x10 c:/freescale/kds_v3/toolchain/bin/../lib/gcc/arm-none-eabi/4.8.4/../../../../arm-none-eabi/lib/armv7e-m\libg_s.a(lib_a-memset.o)
                0x00002990                memset
 .text._exit    0x000029a0        0x4 c:/freescale/kds_v3/toolchain/bin/../lib/gcc/arm-none-eabi/4.8.4/../../../../arm-none-eabi/lib/armv7e-m\libnosys.a(_exit.o)
                0x000029a0                _exit
 *(.rodata)
 .rodata        0x000029a4       0x40 ./Sources/main.o
 *(.rodata*)
 .rodata.ChannelDevice
                0x000029e4        0x4 ./Generated_Code/TU1.o
 .rodata.ChannelMode
                0x000029e8        0x4 ./Generated_Code/TU1.o
 .rodata.str1.1
                0x000029ec        0x2 c:/freescale/kds_v3/toolchain/bin/../lib/gcc/arm-none-eabi/4.8.4/../../../../arm-none-eabi/lib/armv7e-m\libg_s.a(lib_a-impure.o)
 *fill*         0x000029ee        0x2 
 .rodata._global_impure_ptr
                0x000029f0        0x4 c:/freescale/kds_v3/toolchain/bin/../lib/gcc/arm-none-eabi/4.8.4/../../../../arm-none-eabi/lib/armv7e-m\libg_s.a(lib_a-impure.o)
                0x000029f0                _global_impure_ptr
 *(.glue_7)
 .glue_7        0x00000000        0x0 linker stubs
 *(.glue_7t)
 .glue_7t       0x00000000        0x0 linker stubs
 *(.eh_frame)
 .eh_frame      0x000029f4        0x0 c:/freescale/kds_v3/toolchain/bin/../lib/gcc/arm-none-eabi/4.8.4/armv7e-m/crtbegin.o
 *(.init)
 .init          0x000029f4        0x4 c:/freescale/kds_v3/toolchain/bin/../lib/gcc/arm-none-eabi/4.8.4/armv7e-m/crti.o
                0x000029f4                _init
 .init          0x000029f8        0x8 c:/freescale/kds_v3/toolchain/bin/../lib/gcc/arm-none-eabi/4.8.4/armv7e-m/crtn.o
 *(.fini)
 .fini          0x00002a00        0x4 c:/freescale/kds_v3/toolchain/bin/../lib/gcc/arm-none-eabi/4.8.4/armv7e-m/crti.o
                0x00002a00                _fini
 .fini          0x00002a04        0x8 c:/freescale/kds_v3/toolchain/bin/../lib/gcc/arm-none-eabi/4.8.4/armv7e-m/crtn.o
                0x00002a0c                . = ALIGN (0x4)
                0x00002a0c                _etext = .

.vfp11_veneer   0x00002a0c        0x0
 .vfp11_veneer  0x00000000        0x0 linker stubs

.v4_bx          0x00002a0c        0x0
 .v4_bx         0x00000000        0x0 linker stubs

.iplt           0x00002a0c        0x0
 .iplt          0x00000000        0x0 c:/freescale/kds_v3/toolchain/bin/../lib/gcc/arm-none-eabi/4.8.4/armv7e-m/crtbegin.o

.ARM.extab
 *(.ARM.extab* .gnu.linkonce.armextab.*)

.ARM            0x00002a0c        0x8
                0x00002a0c                __exidx_start = .
 *(.ARM.exidx*)
 .ARM.exidx     0x00002a0c        0x8 c:/freescale/kds_v3/toolchain/bin/../lib/gcc/arm-none-eabi/4.8.4/../../../../arm-none-eabi/lib/armv7e-m/crt0.o
                0x00002a14                __exidx_end = .

.rel.dyn        0x00002a14        0x0
 .rel.iplt      0x00000000        0x0 c:/freescale/kds_v3/toolchain/bin/../lib/gcc/arm-none-eabi/4.8.4/armv7e-m/crtbegin.o

.ctors          0x00002a14        0x0
                0x00002a14                __CTOR_LIST__ = .
 *crtbegin.o(.ctors)
 *(EXCLUDE_FILE(*crtend.o) .ctors)
 *(SORT(.ctors.*))
 *(.ctors)
                0x00002a14                __CTOR_END__ = .

.dtors          0x00002a14        0x0
                0x00002a14                __DTOR_LIST__ = .
 *crtbegin.o(.dtors)
 *(EXCLUDE_FILE(*crtend.o) .dtors)
 *(SORT(.dtors.*))
 *(.dtors)
                0x00002a14                __DTOR_END__ = .

.preinit_array  0x00002a14        0x0
                0x00002a14                PROVIDE (__preinit_array_start, .)
 *(.preinit_array*)
                0x00002a14                PROVIDE (__preinit_array_end, .)

.init_array     0x00002a14        0x4
                0x00002a14                PROVIDE (__init_array_start, .)
 *(SORT(.init_array.*))
 *(.init_array*)
 .init_array    0x00002a14        0x4 c:/freescale/kds_v3/toolchain/bin/../lib/gcc/arm-none-eabi/4.8.4/armv7e-m/crtbegin.o
                0x00002a18                PROVIDE (__init_array_end, .)

.fini_array     0x00002a18        0x4
                0x00002a18                PROVIDE (__fini_array_start, .)
 *(SORT(.fini_array.*))
 *(.fini_array*)
 .fini_array    0x00002a18        0x4 c:/freescale/kds_v3/toolchain/bin/../lib/gcc/arm-none-eabi/4.8.4/armv7e-m/crtbegin.o
                0x00002a1c                PROVIDE (__fini_array_end, .)
                0x00002a1c                ___ROM_AT = .

.data           0x1fffe000       0x60 load address 0x00002a1c
                0x1fffe000                . = ALIGN (0x4)
                0x1fffe000                _sdata = .
 *(.data)
 *(.data*)
 .data.impure_data
                0x1fffe000       0x60 c:/freescale/kds_v3/toolchain/bin/../lib/gcc/arm-none-eabi/4.8.4/../../../../arm-none-eabi/lib/armv7e-m\libg_s.a(lib_a-impure.o)
                0x1fffe060                . = ALIGN (0x4)
                0x1fffe060                _edata = .
                0x00000060                ___data_size = (_edata - _sdata)
                0x00002a7c                ___m_data_20000000_ROMStart = (___ROM_AT + SIZEOF (.data))

.jcr            0x1fffe060        0x0 load address 0x00002a7c
 .jcr           0x1fffe060        0x0 c:/freescale/kds_v3/toolchain/bin/../lib/gcc/arm-none-eabi/4.8.4/armv7e-m/crtbegin.o

.igot.plt       0x1fffe060        0x0 load address 0x00002a7c
 .igot.plt      0x00000000        0x0 c:/freescale/kds_v3/toolchain/bin/../lib/gcc/arm-none-eabi/4.8.4/armv7e-m/crtbegin.o

.m_data_20000000
                0x20000000        0x0 load address 0x00002a7c
                0x20000000                . = ALIGN (0x4)
                0x20000000                ___m_data_20000000_RAMStart = .
 *(.m_data_20000000)
                0x20000000                ___m_data_20000000_RAMEnd = .
                0x20000000                . = ALIGN (0x4)
                0x00000000                ___m_data_20000000_ROMSize = (___m_data_20000000_RAMEnd - ___m_data_20000000_RAMStart)
                0x20000000                . = ALIGN (0x4)

.bss            0x1fffe060       0xdc load address 0x00002a7c
                0x1fffe060                __START_BSS = .
                0x1fffe060                PROVIDE (__bss_start__, __START_BSS)
 *(.bss)
 .bss           0x1fffe060       0x1c c:/freescale/kds_v3/toolchain/bin/../lib/gcc/arm-none-eabi/4.8.4/armv7e-m/crtbegin.o
 *(.bss*)
 .bss.DeviceDataPrv__DEFAULT_RTOS_ALLOC
                0x1fffe07c       0x20 ./Generated_Code/ASerialLdd1.o
 .bss.ChrTemp   0x1fffe09c        0x1 ./Generated_Code/CI2C1.o
 .bss.SR_lock   0x1fffe09d        0x1 ./Generated_Code/Cpu.o
                0x1fffe09d                SR_lock
 .bss.SerFlag   0x1fffe09e        0x2 ./Generated_Code/Inhr1.o
 .bss.BufferRead
                0x1fffe0a0        0x1 ./Generated_Code/Inhr1.o
 .bss.OutBuffer
                0x1fffe0a1        0x1 ./Generated_Code/Inhr1.o
 *fill*         0x1fffe0a2        0x2 
 .bss.DeviceDataPrv__DEFAULT_RTOS_ALLOC
                0x1fffe0a4       0x1c ./Generated_Code/IntI2cLdd1.o
 .bss.PE_LDD_DeviceDataList
                0x1fffe0c0       0x20 ./Generated_Code/PE_LDD.o
                0x1fffe0c0                PE_LDD_DeviceDataList
 .bss.DeviceDataPrv__DEFAULT_RTOS_ALLOC
                0x1fffe0e0        0xc ./Generated_Code/PwmLdd1.o
 .bss.DeviceDataPrv__DEFAULT_RTOS_ALLOC
                0x1fffe0ec        0xc ./Generated_Code/PwmLdd2.o
 .bss.DeviceDataPrv__DEFAULT_RTOS_ALLOC
                0x1fffe0f8        0xc ./Generated_Code/PwmLdd3.o
 .bss.DeviceDataPrv__DEFAULT_RTOS_ALLOC
                0x1fffe104       0x14 ./Generated_Code/RealTimeLdd1.o
 .bss.DeviceDataPrv__DEFAULT_RTOS_ALLOC
                0x1fffe118        0x8 ./Generated_Code/TU1.o
 .bss.DeviceDataPrv__DEFAULT_RTOS_ALLOC
                0x1fffe120        0xc ./Generated_Code/TU2.o
 .bss.INT_FTM1__DEFAULT_RTOS_ISRPARAM
                0x1fffe12c        0x4 ./Generated_Code/TU2.o
 *(COMMON)
 COMMON         0x1fffe130        0x6 ./Generated_Code/CI2C1.o
                0x1fffe130                IntI2cLdd1_DeviceDataPtr
                0x1fffe134                CI2C1_SndRcvTemp
 COMMON         0x1fffe136        0x1 ./Generated_Code/Cpu.o
                0x1fffe136                SR_reg
 *fill*         0x1fffe137        0x1 
 COMMON         0x1fffe138        0x4 ./Generated_Code/Inhr1.o
                0x1fffe138                ASerialLdd1_DeviceDataPtr
                0x1fffe13c                . = ALIGN (0x4)
                0x1fffe13c                __END_BSS = .
                0x1fffe13c                PROVIDE (__bss_end__, __END_BSS)
                0x00002a7c                _romp_at = ((___ROM_AT + SIZEOF (.data)) + SIZEOF (.m_data_20000000))

.romp           0x1fffe13c       0x24 load address 0x00002a7c
                0x00002a7c                __S_romp = _romp_at
                0x1fffe13c        0x4 LONG 0x2a1c ___ROM_AT
                0x1fffe140        0x4 LONG 0x1fffe000 _sdata
                0x1fffe144        0x4 LONG 0x60 ___data_size
                0x1fffe148        0x4 LONG 0x2a7c ___m_data_20000000_ROMStart
                0x1fffe14c        0x4 LONG 0x20000000 ___m_data_20000000_RAMStart
                0x1fffe150        0x4 LONG 0x0 ___m_data_20000000_ROMSize
                0x1fffe154        0x4 LONG 0x0
                0x1fffe158        0x4 LONG 0x0
                0x1fffe15c        0x4 LONG 0x0
                0x00020000                text_end = (ORIGIN (m_text) + 0x1fbf0)
                0x00002aa0                data_init_end = ((___m_data_20000000_ROMStart + SIZEOF (.m_data_20000000)) + SIZEOF (.romp))
                0x00000001                ASSERT ((data_init_end <= text_end), region m_text overflowed with text and data)

._user_heap_stack
                0x1fffe160      0x400 load address 0x00002aa0
                0x1fffe160                . = ALIGN (0x4)
                0x1fffe160                PROVIDE (end, .)
                0x1fffe160                PROVIDE (_end, .)
                0x1fffe160                PROVIDE (__end__, .)
                0x1fffe160                __heap_addr = .
                0x1fffe160                __HeapBase = .
                0x1fffe160                . = (. + __heap_size)
                0x1fffe160                __HeapLimit = .
                0x1fffe560                . = (. + __stack_size)
 *fill*         0x1fffe160      0x400 
                0x1fffe560                . = ALIGN (0x4)

.ARM.attributes
                0x00000000       0x2a
 *(.ARM.attributes)
 .ARM.attributes
                0x00000000       0x1e c:/freescale/kds_v3/toolchain/bin/../lib/gcc/arm-none-eabi/4.8.4/armv7e-m/crti.o
 .ARM.attributes
                0x0000001e       0x2e c:/freescale/kds_v3/toolchain/bin/../lib/gcc/arm-none-eabi/4.8.4/armv7e-m/crtbegin.o
 .ARM.attributes
                0x0000004c       0x1c c:/freescale/kds_v3/toolchain/bin/../lib/gcc/arm-none-eabi/4.8.4/../../../../arm-none-eabi/lib/armv7e-m/crt0.o
 .ARM.attributes
                0x00000068       0x33 ./Sources/Events.o
 .ARM.attributes
                0x0000009b       0x33 ./Sources/main.o
 .ARM.attributes
                0x000000ce       0x33 ./Project_Settings/Startup_Code/startup.o
 .ARM.attributes
                0x00000101       0x33 ./Generated_Code/ASerialLdd1.o
 .ARM.attributes
                0x00000134       0x33 ./Generated_Code/CI2C1.o
 .ARM.attributes
                0x00000167       0x33 ./Generated_Code/Cpu.o
 .ARM.attributes
                0x0000019a       0x33 ./Generated_Code/Inhr1.o
 .ARM.attributes
                0x000001cd       0x33 ./Generated_Code/IntI2cLdd1.o
 .ARM.attributes
                0x00000200       0x33 ./Generated_Code/PE_LDD.o
 .ARM.attributes
                0x00000233       0x33 ./Generated_Code/PwmLdd1.o
 .ARM.attributes
                0x00000266       0x33 ./Generated_Code/PwmLdd2.o
 .ARM.attributes
                0x00000299       0x33 ./Generated_Code/PwmLdd3.o
 .ARM.attributes
                0x000002cc       0x33 ./Generated_Code/RealTimeLdd1.o
 .ARM.attributes
                0x000002ff       0x33 ./Generated_Code/TU1.o
 .ARM.attributes
                0x00000332       0x33 ./Generated_Code/TU2.o
 .ARM.attributes
                0x00000365       0x33 ./Generated_Code/Term1.o
 .ARM.attributes
                0x00000398       0x33 ./Generated_Code/Vectors.o
 .ARM.attributes
                0x000003cb       0x1e c:/freescale/kds_v3/toolchain/bin/../lib/gcc/arm-none-eabi/4.8.4/armv7e-m\libgcc.a(_arm_addsubsf3.o)
 .ARM.attributes
                0x000003e9       0x1e c:/freescale/kds_v3/toolchain/bin/../lib/gcc/arm-none-eabi/4.8.4/armv7e-m\libgcc.a(_arm_muldivsf3.o)
 .ARM.attributes
                0x00000407       0x1e c:/freescale/kds_v3/toolchain/bin/../lib/gcc/arm-none-eabi/4.8.4/armv7e-m\libgcc.a(_arm_cmpsf2.o)
 .ARM.attributes
                0x00000425       0x1e c:/freescale/kds_v3/toolchain/bin/../lib/gcc/arm-none-eabi/4.8.4/armv7e-m\libgcc.a(_arm_fixunssfsi.o)
 .ARM.attributes
                0x00000443       0x2e c:/freescale/kds_v3/toolchain/bin/../lib/gcc/arm-none-eabi/4.8.4/../../../../arm-none-eabi/lib/armv7e-m\libg_s.a(lib_a-exit.o)
 .ARM.attributes
                0x00000471       0x2e c:/freescale/kds_v3/toolchain/bin/../lib/gcc/arm-none-eabi/4.8.4/../../../../arm-none-eabi/lib/armv7e-m\libg_s.a(lib_a-impure.o)
 .ARM.attributes
                0x0000049f       0x2e c:/freescale/kds_v3/toolchain/bin/../lib/gcc/arm-none-eabi/4.8.4/../../../../arm-none-eabi/lib/armv7e-m\libg_s.a(lib_a-init.o)
 .ARM.attributes
                0x000004cd       0x2e c:/freescale/kds_v3/toolchain/bin/../lib/gcc/arm-none-eabi/4.8.4/../../../../arm-none-eabi/lib/armv7e-m\libg_s.a(lib_a-memset.o)
 .ARM.attributes
                0x000004fb       0x2e c:/freescale/kds_v3/toolchain/bin/../lib/gcc/arm-none-eabi/4.8.4/../../../../arm-none-eabi/lib/armv7e-m\libnosys.a(_exit.o)
 .ARM.attributes
                0x00000529       0x1e c:/freescale/kds_v3/toolchain/bin/../lib/gcc/arm-none-eabi/4.8.4/armv7e-m/crtn.o
OUTPUT(Lab2_1.elf elf32-littlearm)

.debug_info     0x00000000     0x45f9
 .debug_info    0x00000000       0x96 ./Sources/Events.o
 .debug_info    0x00000096      0x154 ./Sources/main.o
 .debug_info    0x000001ea      0x20a ./Project_Settings/Startup_Code/startup.o
 .debug_info    0x000003f4      0x939 ./Generated_Code/ASerialLdd1.o
 .debug_info    0x00000d2d      0x30b ./Generated_Code/CI2C1.o
 .debug_info    0x00001038      0x9e9 ./Generated_Code/Cpu.o
 .debug_info    0x00001a21      0x20b ./Generated_Code/Inhr1.o
 .debug_info    0x00001c2c      0x8c1 ./Generated_Code/IntI2cLdd1.o
 .debug_info    0x000024ed      0x251 ./Generated_Code/PE_LDD.o
 .debug_info    0x0000273e      0x333 ./Generated_Code/PwmLdd1.o
 .debug_info    0x00002a71      0x333 ./Generated_Code/PwmLdd2.o
 .debug_info    0x00002da4      0x333 ./Generated_Code/PwmLdd3.o
 .debug_info    0x000030d7      0x36e ./Generated_Code/RealTimeLdd1.o
 .debug_info    0x00003445      0x768 ./Generated_Code/TU1.o
 .debug_info    0x00003bad      0x684 ./Generated_Code/TU2.o
 .debug_info    0x00004231      0x2ba ./Generated_Code/Term1.o
 .debug_info    0x000044eb      0x10e ./Generated_Code/Vectors.o

.debug_abbrev   0x00000000     0x1391
 .debug_abbrev  0x00000000       0x45 ./Sources/Events.o
 .debug_abbrev  0x00000045       0xb0 ./Sources/main.o
 .debug_abbrev  0x000000f5      0x11e ./Project_Settings/Startup_Code/startup.o
 .debug_abbrev  0x00000213      0x1c3 ./Generated_Code/ASerialLdd1.o
 .debug_abbrev  0x000003d6      0x124 ./Generated_Code/CI2C1.o
 .debug_abbrev  0x000004fa      0x178 ./Generated_Code/Cpu.o
 .debug_abbrev  0x00000672      0x117 ./Generated_Code/Inhr1.o
 .debug_abbrev  0x00000789      0x182 ./Generated_Code/IntI2cLdd1.o
 .debug_abbrev  0x0000090b      0x10d ./Generated_Code/PE_LDD.o
 .debug_abbrev  0x00000a18      0x122 ./Generated_Code/PwmLdd1.o
 .debug_abbrev  0x00000b3a      0x122 ./Generated_Code/PwmLdd2.o
 .debug_abbrev  0x00000c5c      0x122 ./Generated_Code/PwmLdd3.o
 .debug_abbrev  0x00000d7e      0x134 ./Generated_Code/RealTimeLdd1.o
 .debug_abbrev  0x00000eb2      0x198 ./Generated_Code/TU1.o
 .debug_abbrev  0x0000104a      0x16a ./Generated_Code/TU2.o
 .debug_abbrev  0x000011b4      0x139 ./Generated_Code/Term1.o
 .debug_abbrev  0x000012ed       0xa4 ./Generated_Code/Vectors.o

.debug_aranges  0x00000000      0x460
 .debug_aranges
                0x00000000       0x20 ./Sources/Events.o
 .debug_aranges
                0x00000020       0x20 ./Sources/main.o
 .debug_aranges
                0x00000040       0x50 ./Project_Settings/Startup_Code/startup.o
 .debug_aranges
                0x00000090       0x58 ./Generated_Code/ASerialLdd1.o
 .debug_aranges
                0x000000e8       0x40 ./Generated_Code/CI2C1.o
 .debug_aranges
                0x00000128       0x40 ./Generated_Code/Cpu.o
 .debug_aranges
                0x00000168       0x48 ./Generated_Code/Inhr1.o
 .debug_aranges
                0x000001b0       0x70 ./Generated_Code/IntI2cLdd1.o
 .debug_aranges
                0x00000220       0x30 ./Generated_Code/PE_LDD.o
 .debug_aranges
                0x00000250       0x48 ./Generated_Code/PwmLdd1.o
 .debug_aranges
                0x00000298       0x48 ./Generated_Code/PwmLdd2.o
 .debug_aranges
                0x000002e0       0x48 ./Generated_Code/PwmLdd3.o
 .debug_aranges
                0x00000328       0x40 ./Generated_Code/RealTimeLdd1.o
 .debug_aranges
                0x00000368       0x48 ./Generated_Code/TU1.o
 .debug_aranges
                0x000003b0       0x30 ./Generated_Code/TU2.o
 .debug_aranges
                0x000003e0       0x68 ./Generated_Code/Term1.o
 .debug_aranges
                0x00000448       0x18 ./Generated_Code/Vectors.o

.debug_ranges   0x00000000      0x348
 .debug_ranges  0x00000000       0x10 ./Sources/Events.o
 .debug_ranges  0x00000010       0x10 ./Sources/main.o
 .debug_ranges  0x00000020       0x40 ./Project_Settings/Startup_Code/startup.o
 .debug_ranges  0x00000060       0x48 ./Generated_Code/ASerialLdd1.o
 .debug_ranges  0x000000a8       0x30 ./Generated_Code/CI2C1.o
 .debug_ranges  0x000000d8       0x30 ./Generated_Code/Cpu.o
 .debug_ranges  0x00000108       0x38 ./Generated_Code/Inhr1.o
 .debug_ranges  0x00000140       0x60 ./Generated_Code/IntI2cLdd1.o
 .debug_ranges  0x000001a0       0x20 ./Generated_Code/PE_LDD.o
 .debug_ranges  0x000001c0       0x38 ./Generated_Code/PwmLdd1.o
 .debug_ranges  0x000001f8       0x38 ./Generated_Code/PwmLdd2.o
 .debug_ranges  0x00000230       0x38 ./Generated_Code/PwmLdd3.o
 .debug_ranges  0x00000268       0x30 ./Generated_Code/RealTimeLdd1.o
 .debug_ranges  0x00000298       0x38 ./Generated_Code/TU1.o
 .debug_ranges  0x000002d0       0x20 ./Generated_Code/TU2.o
 .debug_ranges  0x000002f0       0x58 ./Generated_Code/Term1.o

.debug_macro    0x00000000    0x19ff9
 .debug_macro   0x00000000      0x19e ./Sources/Events.o
 .debug_macro   0x0000019e      0x84a ./Sources/Events.o
 .debug_macro   0x000009e8       0x16 ./Sources/Events.o
 .debug_macro   0x000009fe       0x44 ./Sources/Events.o
 .debug_macro   0x00000a42      0x209 ./Sources/Events.o
 .debug_macro   0x00000c4b     0x168e ./Sources/Events.o
 .debug_macro   0x000022d9      0x14e ./Sources/Events.o
 .debug_macro   0x00002427       0x6a ./Sources/Events.o
 .debug_macro   0x00002491     0x9b9f ./Sources/Events.o
 .debug_macro   0x0000c030       0x94 ./Sources/Events.o
 .debug_macro   0x0000c0c4       0x5e ./Sources/Events.o
 .debug_macro   0x0000c122       0x11 ./Sources/Events.o
 .debug_macro   0x0000c133       0x5f ./Sources/Events.o
 .debug_macro   0x0000c192       0x94 ./Sources/Events.o
 .debug_macro   0x0000c226      0x6a0 ./Sources/Events.o
 .debug_macro   0x0000c8c6       0x82 ./Sources/Events.o
 .debug_macro   0x0000c948       0x58 ./Sources/Events.o
 .debug_macro   0x0000c9a0       0x3f ./Sources/Events.o
 .debug_macro   0x0000c9df       0x2c ./Sources/Events.o
 .debug_macro   0x0000ca0b       0x45 ./Sources/Events.o
 .debug_macro   0x0000ca50       0x2c ./Sources/Events.o
 .debug_macro   0x0000ca7c       0x45 ./Sources/Events.o
 .debug_macro   0x0000cac1       0x2c ./Sources/Events.o
 .debug_macro   0x0000caed       0x28 ./Sources/Events.o
 .debug_macro   0x0000cb15       0x18 ./Sources/Events.o
 .debug_macro   0x0000cb2d      0x29a ./Sources/main.o
 .debug_macro   0x0000cdc7       0x58 ./Sources/main.o
 .debug_macro   0x0000ce1f       0x35 ./Sources/main.o
 .debug_macro   0x0000ce54       0xa3 ./Sources/main.o
 .debug_macro   0x0000cef7       0x16 ./Sources/main.o
 .debug_macro   0x0000cf0d       0x97 ./Sources/main.o
 .debug_macro   0x0000cfa4       0x10 ./Sources/main.o
 .debug_macro   0x0000cfb4       0xef ./Sources/main.o
 .debug_macro   0x0000d0a3       0x52 ./Sources/main.o
 .debug_macro   0x0000d0f5       0x16 ./Sources/main.o
 .debug_macro   0x0000d10b       0x43 ./Sources/main.o
 .debug_macro   0x0000d14e      0x180 ./Sources/main.o
 .debug_macro   0x0000d2ce       0x10 ./Sources/main.o
 .debug_macro   0x0000d2de       0x22 ./Sources/main.o
 .debug_macro   0x0000d300       0xbd ./Sources/main.o
 .debug_macro   0x0000d3bd       0x16 ./Sources/main.o
 .debug_macro   0x0000d3d3      0x14a ./Sources/main.o
 .debug_macro   0x0000d51d       0x16 ./Sources/main.o
 .debug_macro   0x0000d533       0x35 ./Sources/main.o
 .debug_macro   0x0000d568       0x22 ./Sources/main.o
 .debug_macro   0x0000d58a       0x22 ./Sources/main.o
 .debug_macro   0x0000d5ac      0x121 ./Project_Settings/Startup_Code/startup.o
 .debug_macro   0x0000d6cd      0x166 ./Project_Settings/Startup_Code/startup.o
 .debug_macro   0x0000d833       0x4a ./Project_Settings/Startup_Code/startup.o
 .debug_macro   0x0000d87d      0x2a6 ./Project_Settings/Startup_Code/startup.o
 .debug_macro   0x0000db23       0x10 ./Project_Settings/Startup_Code/startup.o
 .debug_macro   0x0000db33       0x10 ./Project_Settings/Startup_Code/startup.o
 .debug_macro   0x0000db43      0x20f ./Project_Settings/Startup_Code/startup.o
 .debug_macro   0x0000dd52     0x9b93 ./Project_Settings/Startup_Code/startup.o
 .debug_macro   0x000178e5       0xc5 ./Generated_Code/ASerialLdd1.o
 .debug_macro   0x000179aa       0x58 ./Generated_Code/ASerialLdd1.o
 .debug_macro   0x00017a02       0x17 ./Generated_Code/ASerialLdd1.o
 .debug_macro   0x00017a19      0x7ab ./Generated_Code/ASerialLdd1.o
 .debug_macro   0x000181c4      0x9b1 ./Generated_Code/ASerialLdd1.o
 .debug_macro   0x00018b75       0xa7 ./Generated_Code/CI2C1.o
 .debug_macro   0x00018c1c       0x58 ./Generated_Code/CI2C1.o
 .debug_macro   0x00018c74      0x1ae ./Generated_Code/Cpu.o
 .debug_macro   0x00018e22       0x45 ./Generated_Code/Cpu.o
 .debug_macro   0x00018e67       0x2e ./Generated_Code/Cpu.o
 .debug_macro   0x00018e95       0xdf ./Generated_Code/Inhr1.o
 .debug_macro   0x00018f74       0xf0 ./Generated_Code/IntI2cLdd1.o
 .debug_macro   0x00019064      0x4e4 ./Generated_Code/IntI2cLdd1.o
 .debug_macro   0x00019548      0x29c ./Generated_Code/IntI2cLdd1.o
 .debug_macro   0x000197e4      0x158 ./Generated_Code/PE_LDD.o
 .debug_macro   0x0001993c       0xbe ./Generated_Code/PwmLdd1.o
 .debug_macro   0x000199fa       0xbe ./Generated_Code/PwmLdd2.o
 .debug_macro   0x00019ab8       0xbe ./Generated_Code/PwmLdd3.o
 .debug_macro   0x00019b76       0xb5 ./Generated_Code/RealTimeLdd1.o
 .debug_macro   0x00019c2b       0xbc ./Generated_Code/TU1.o
 .debug_macro   0x00019ce7       0xbb ./Generated_Code/TU2.o
 .debug_macro   0x00019da2       0xad ./Generated_Code/Term1.o
 .debug_macro   0x00019e4f      0x1aa ./Generated_Code/Vectors.o

.debug_line     0x00000000     0x3e79
 .debug_line    0x00000000      0x3b4 ./Sources/Events.o
 .debug_line    0x000003b4      0x4a3 ./Sources/main.o
 .debug_line    0x00000857      0x407 ./Project_Settings/Startup_Code/startup.o
 .debug_line    0x00000c5e      0x39a ./Generated_Code/ASerialLdd1.o
 .debug_line    0x00000ff8      0x2dd ./Generated_Code/CI2C1.o
 .debug_line    0x000012d5      0x580 ./Generated_Code/Cpu.o
 .debug_line    0x00001855      0x2a4 ./Generated_Code/Inhr1.o
 .debug_line    0x00001af9      0x452 ./Generated_Code/IntI2cLdd1.o
 .debug_line    0x00001f4b      0x39a ./Generated_Code/PE_LDD.o
 .debug_line    0x000022e5      0x328 ./Generated_Code/PwmLdd1.o
 .debug_line    0x0000260d      0x328 ./Generated_Code/PwmLdd2.o
 .debug_line    0x00002935      0x328 ./Generated_Code/PwmLdd3.o
 .debug_line    0x00002c5d      0x34f ./Generated_Code/RealTimeLdd1.o
 .debug_line    0x00002fac      0x34a ./Generated_Code/TU1.o
 .debug_line    0x000032f6      0x2f3 ./Generated_Code/TU2.o
 .debug_line    0x000035e9      0x397 ./Generated_Code/Term1.o
 .debug_line    0x00003980      0x4f9 ./Generated_Code/Vectors.o

.debug_str      0x00000000    0x61fce
 .debug_str     0x00000000    0x491d3 ./Sources/Events.o
                              0x49323 (size before relaxing)
 .debug_str     0x000491d3     0x206a ./Sources/main.o
                              0x4b3fb (size before relaxing)
 .debug_str     0x0004b23d     0x1028 ./Project_Settings/Startup_Code/startup.o
                              0x3a1f4 (size before relaxing)
 .debug_str     0x0004c265     0xe6ca ./Generated_Code/ASerialLdd1.o
                              0x4dc3c (size before relaxing)
 .debug_str     0x0005a92f      0x175 ./Generated_Code/CI2C1.o
                              0x3f22d (size before relaxing)
 .debug_str     0x0005aaa4      0x293 ./Generated_Code/Cpu.o
                              0x496e0 (size before relaxing)
 .debug_str     0x0005ad37      0x17a ./Generated_Code/Inhr1.o
                              0x3f1ba (size before relaxing)
 .debug_str     0x0005aeb1     0x6876 ./Generated_Code/IntI2cLdd1.o
                              0x460a1 (size before relaxing)
 .debug_str     0x00061727      0x17e ./Generated_Code/PE_LDD.o
                              0x494d8 (size before relaxing)
 .debug_str     0x000618a5       0xef ./Generated_Code/PwmLdd1.o
                              0x4852d (size before relaxing)
 .debug_str     0x00061994       0x94 ./Generated_Code/PwmLdd2.o
                              0x4852d (size before relaxing)
 .debug_str     0x00061a28       0x86 ./Generated_Code/PwmLdd3.o
                              0x4852d (size before relaxing)
 .debug_str     0x00061aae       0xed ./Generated_Code/RealTimeLdd1.o
                              0x48467 (size before relaxing)
 .debug_str     0x00061b9b      0x269 ./Generated_Code/TU1.o
                              0x48632 (size before relaxing)
 .debug_str     0x00061e04       0xe4 ./Generated_Code/TU2.o
                              0x485e2 (size before relaxing)
 .debug_str     0x00061ee8       0xca ./Generated_Code/Term1.o
                              0x3f0f5 (size before relaxing)
 .debug_str     0x00061fb2       0x1c ./Generated_Code/Vectors.o
                              0x4936b (size before relaxing)

.comment        0x00000000       0x70
 .comment       0x00000000       0x70 ./Sources/Events.o
                                 0x71 (size before relaxing)
 .comment       0x00000000       0x71 ./Sources/main.o
 .comment       0x00000000       0x71 ./Project_Settings/Startup_Code/startup.o
 .comment       0x00000000       0x71 ./Generated_Code/ASerialLdd1.o
 .comment       0x00000000       0x71 ./Generated_Code/CI2C1.o
 .comment       0x00000000       0x71 ./Generated_Code/Cpu.o
 .comment       0x00000000       0x71 ./Generated_Code/Inhr1.o
 .comment       0x00000000       0x71 ./Generated_Code/IntI2cLdd1.o
 .comment       0x00000000       0x71 ./Generated_Code/PE_LDD.o
 .comment       0x00000000       0x71 ./Generated_Code/PwmLdd1.o
 .comment       0x00000000       0x71 ./Generated_Code/PwmLdd2.o
 .comment       0x00000000       0x71 ./Generated_Code/PwmLdd3.o
 .comment       0x00000000       0x71 ./Generated_Code/RealTimeLdd1.o
 .comment       0x00000000       0x71 ./Generated_Code/TU1.o
 .comment       0x00000000       0x71 ./Generated_Code/TU2.o
 .comment       0x00000000       0x71 ./Generated_Code/Term1.o
 .comment       0x00000000       0x71 ./Generated_Code/Vectors.o

.debug_frame    0x00000000      0xbe8
 .debug_frame   0x00000000       0x28 ./Sources/Events.o
 .debug_frame   0x00000028       0x30 ./Sources/main.o
 .debug_frame   0x00000058       0xc0 ./Project_Settings/Startup_Code/startup.o
 .debug_frame   0x00000118      0x100 ./Generated_Code/ASerialLdd1.o
 .debug_frame   0x00000218       0xac ./Generated_Code/CI2C1.o
 .debug_frame   0x000002c4       0xa4 ./Generated_Code/Cpu.o
 .debug_frame   0x00000368       0xc0 ./Generated_Code/Inhr1.o
 .debug_frame   0x00000428      0x148 ./Generated_Code/IntI2cLdd1.o
 .debug_frame   0x00000570       0x64 ./Generated_Code/PE_LDD.o
 .debug_frame   0x000005d4       0xd0 ./Generated_Code/PwmLdd1.o
 .debug_frame   0x000006a4       0xd0 ./Generated_Code/PwmLdd2.o
 .debug_frame   0x00000774       0xd0 ./Generated_Code/PwmLdd3.o
 .debug_frame   0x00000844       0xac ./Generated_Code/RealTimeLdd1.o
 .debug_frame   0x000008f0       0xbc ./Generated_Code/TU1.o
 .debug_frame   0x000009ac       0x6c ./Generated_Code/TU2.o
 .debug_frame   0x00000a18      0x13c ./Generated_Code/Term1.o
 .debug_frame   0x00000b54       0x28 c:/freescale/kds_v3/toolchain/bin/../lib/gcc/arm-none-eabi/4.8.4/../../../../arm-none-eabi/lib/armv7e-m\libg_s.a(lib_a-exit.o)
 .debug_frame   0x00000b7c       0x2c c:/freescale/kds_v3/toolchain/bin/../lib/gcc/arm-none-eabi/4.8.4/../../../../arm-none-eabi/lib/armv7e-m\libg_s.a(lib_a-init.o)
 .debug_frame   0x00000ba8       0x20 c:/freescale/kds_v3/toolchain/bin/../lib/gcc/arm-none-eabi/4.8.4/../../../../arm-none-eabi/lib/armv7e-m\libg_s.a(lib_a-memset.o)
 .debug_frame   0x00000bc8       0x20 c:/freescale/kds_v3/toolchain/bin/../lib/gcc/arm-none-eabi/4.8.4/../../../../arm-none-eabi/lib/armv7e-m\libnosys.a(_exit.o)
